Archive member included because of file (symbol)

lib_generic/libgeneric.a(string.o)
                              common/ace_sha1.o (memcpy)
cpu/arm_cortexa9/s5pc210/libs5pc210.a(nand_cp.o)
                              cpu/arm_cortexa9/start.o (copy_uboot_to_ram)
cpu/arm_cortexa9/s5pc210/libs5pc210.a(interrupts.o)
                              cpu/arm_cortexa9/start.o (do_irq)
cpu/arm_cortexa9/s5pc210/libs5pc210.a(onenand_cp.o)
                              cpu/arm_cortexa9/start.o (onenand_bl2_copy)
cpu/arm_cortexa9/s5pc210/libs5pc210.a(movi.o)
                              cpu/arm_cortexa9/start.o (movi_uboot_copy)
lib_arm/libarm.a(board.o)     cpu/arm_cortexa9/start.o (start_armboot)
drivers/mmc/libmmc.a(mmc.o)   cpu/arm_cortexa9/s5pc210/libs5pc210.a(movi.o) (movi_write)
common/libcommon.a(cmd_bdinfo.o)
                              (__u_boot_cmd_bdinfo)
common/libcommon.a(cmd_boot.o)
                              (__u_boot_cmd_go)
common/libcommon.a(cmd_bootm.o)
                              lib_arm/libarm.a(board.o) (load_addr)
common/libcommon.a(cmd_console.o)
                              (__u_boot_cmd_coninfo)
common/libcommon.a(cmd_echo.o)
                              (__u_boot_cmd_echo)
common/libcommon.a(cmd_elf.o)
                              common/libcommon.a(cmd_bootm.o) (do_bootvx)
common/libcommon.a(cmd_ext2.o)
                              (__u_boot_cmd_ext2ls)
common/libcommon.a(cmd_fastboot.o)
                              (__u_boot_cmd_fastboot)
common/libcommon.a(cmd_fat.o)
                              (__u_boot_cmd_fatload)
common/libcommon.a(cmd_help.o)
                              (__u_boot_cmd_help)
common/libcommon.a(cmd_itest.o)
                              (__u_boot_cmd_itest)
common/libcommon.a(cmd_load.o)
                              (__u_boot_cmd_loads)
common/libcommon.a(cmd_max8997.o)
                              (__u_boot_cmd_max8997)
common/libcommon.a(cmd_mdmupgrade.o)
                              (__u_boot_cmd_mdmup)
common/libcommon.a(cmd_mem.o)
                              (__u_boot_cmd_md)
common/libcommon.a(cmd_misc.o)
                              (__u_boot_cmd_sleep)
common/libcommon.a(cmd_mmc.o)
                              common/libcommon.a(cmd_fastboot.o) (do_mmcops)
common/libcommon.a(cmd_mmc_fdisk.o)
                              common/libcommon.a(cmd_fastboot.o) (get_mmc_part_info)
common/libcommon.a(cmd_movi.o)
                              common/libcommon.a(cmd_fastboot.o) (do_movi)
common/libcommon.a(cmd_nvedit.o)
                              lib_arm/libarm.a(board.o) (getenv_r)
common/libcommon.a(cmd_source.o)
                              (__u_boot_cmd_source)
common/libcommon.a(cmd_usbd.o)
                              (__u_boot_cmd_dnw)
common/libcommon.a(cmd_version.o)
                              (__u_boot_cmd_version)
common/libcommon.a(cmd_ximg.o)
                              (__u_boot_cmd_imxtract)
common/libcommon.a(command.o)
                              common/libcommon.a(cmd_itest.o) (cmd_get_data_size)
common/libcommon.a(console.o)
                              cpu/arm_cortexa9/s5pc210/libs5pc210.a(interrupts.o) (printf)
common/libcommon.a(decompress_ext4.o)
                              common/libcommon.a(cmd_fastboot.o) (check_compress_ext4)
common/libcommon.a(dlmalloc.o)
                              drivers/mmc/libmmc.a(mmc.o) (free)
common/libcommon.a(env_auto.o)
                              lib_arm/libarm.a(board.o) (env_init)
common/libcommon.a(env_common.o)
                              common/libcommon.a(cmd_nvedit.o) (env_get_addr)
common/libcommon.a(exports.o)
                              lib_arm/libarm.a(board.o) (jumptable_init)
common/libcommon.a(image.o)   common/libcommon.a(cmd_ximg.o) (image_multi_count)
common/libcommon.a(main.o)    drivers/mmc/libmmc.a(mmc.o) (run_command)
common/libcommon.a(s_record.o)
                              common/libcommon.a(cmd_load.o) (srec_decode)
common/libcommon.a(stdio.o)   common/libcommon.a(cmd_console.o) (stdio_get_list)
common/libcommon.a(xyzModem.o)
                              common/libcommon.a(cmd_load.o) (xyzModem_error)
board/samsung/smdkc210/libsmdkc210.a(smdkc210.o)
                              lib_arm/libarm.a(board.o) (board_init)
lib_generic/libgeneric.a(crc16.o)
                              common/libcommon.a(xyzModem.o) (cyg_crc16)
lib_generic/libgeneric.a(crc32.o)
                              common/libcommon.a(cmd_mem.o) (crc32)
lib_generic/libgeneric.a(display_options.o)
                              lib_arm/libarm.a(board.o) (print_size)
lib_generic/libgeneric.a(gunzip.o)
                              common/libcommon.a(cmd_bootm.o) (gunzip)
lib_generic/libgeneric.a(net_utils.o)
                              lib_arm/libarm.a(board.o) (string_to_ip)
lib_generic/libgeneric.a(vsprintf.o)
                              lib_arm/libarm.a(board.o) (simple_strtoul)
lib_generic/libgeneric.a(zlib.o)
[...]
Memory Configuration

Name             Origin             Length             Attributes
*default*        0x00000000         0xffffffff

Linker script and memory map

                0x00000000                . = 0x0
                0x00000000                . = ALIGN (0x4)

.text           0xc3e00000    0x27a2c
 cpu/arm_cortexa9/start.o(.text)
 .text          0xc3e00000      0x760 cpu/arm_cortexa9/start.o
                0xc3e00010                _start
                0xc3e00050                _end_vect
                0xc3e00058                _armboot_start
                0xc3e0005c                _bss_start
                0xc3e00060                _bss_end
                0xc3e00294                copy_from_nand
                0xc3e002e0                theLastJump
                0xc3e005c0                arm_cache_flush
                0xc3e005e0                v7_flush_dcache_all
                0xc3e00680                disable_l2cache
                0xc3e006a0                enable_l2cache
                0xc3e006c0                set_l2cache_auxctrl
                0xc3e006e0                set_l2cache_auxctrl_cycle
 cpu/arm_cortexa9/s5pc210/cpu_init.o(.text)
 .text          0xc3e00760      0x388 cpu/arm_cortexa9/s5pc210/cpu_init.o
                0xc3e00780                mem_ctrl_asm_init_ddr3
 board/samsung/smdkc210/lowlevel_init.o(.text)
 .text          0xc3e00ae8      0x7ac board/samsung/smdkc210/lowlevel_init.o
                0xc3e00b1c                lowlevel_init
                0xc3e00f80                uart_asm_init
                0xc3e01024                nand_asm_init
 common/ace_sha1.o(.text)
 .text          0xc3e01294       0xc4 common/ace_sha1.o
                0xc3e01294                ace_hash_sha1_digest
 *(.text)
 .text          0xc3e01358      0x5f4 lib_generic/libgeneric.a(string.o)
                0xc3e01358                strcpy
                0xc3e01374                strncpy
                0xc3e0139c                strcat
                0xc3e013cc                strncat
                0xc3e01428                strcmp
                0xc3e01458                strncmp
                0xc3e014a0                strchr
                0xc3e014cc                strlen
                0xc3e014ec                strrchr
                0xc3e01524                strnlen
                0xc3e0154c                strspn
                0xc3e01590                strpbrk
                0xc3e015c8                strtok
                0xc3e01644                strsep
                0xc3e01678                strswab
                0xc3e016c0                memset
                0xc3e01734                bcopy
                0xc3e0175c                memcpy
                0xc3e017c8                memmove
                0xc3e01824                memcmp
                0xc3e0185c                memscan
                0xc3e0188c                strstr
                0xc3e018ec                memchr
                0xc3e01918                strdup
 .text          0xc3e0194c       0xdc cpu/arm_cortexa9/s5pc210/libs5pc210.a(nand_cp.o)
                0xc3e0194c                copy_uboot_to_ram
 .text          0xc3e01a28      0x474 cpu/arm_cortexa9/s5pc210/libs5pc210.a(interrupts.o)
                0xc3e01a28                enable_interrupts
                0xc3e01a2c                disable_interrupts
                0xc3e01a34                interrupt_init
                0xc3e01aa4                set_timer
                0xc3e01ab4                reset_timer_masked
                0xc3e01ad8                reset_timer
                0xc3e01adc                get_timer_masked
                0xc3e01b24                get_timer
                0xc3e01b38                udelay
                0xc3e01ba8                udelay_masked
                0xc3e01c18                get_ticks
                0xc3e01c2c                get_tbclk
                0xc3e01c44                show_regs
                0xc3e01d84                bad_mode
                0xc3e01da0                do_irq
                0xc3e01dc4                do_fiq
                0xc3e01de8                do_not_used
                0xc3e01e0c                do_data_abort
                0xc3e01e30                do_prefetch_abort
                0xc3e01e54                do_software_interrupt
                0xc3e01e78                do_undefined_instruction
 .text          0xc3e01e9c      0x160 cpu/arm_cortexa9/s5pc210/libs5pc210.a(onenand_cp.o)
                0xc3e01e9c                onenand_readw
                0xc3e01ea4                onenand_writew
                0xc3e01eac                onenand_loadpage
                0xc3e01f2c                onenand_isbad
                0xc3e01f54                onenand_readpage
                0xc3e01fa0                onenand_bl2_copy
 .text          0xc3e01ffc      0x120 cpu/arm_cortexa9/s5pc210/libs5pc210.a(movi.o)
                0xc3e01ffc                movi_uboot_copy
                0xc3e02024                emmc_uboot_copy
                0xc3e02048                emmc441_uboot_copy
                0xc3e02074                movi_calc_checksum_bl1
                0xc3e0209c                movi_write_bl1
                0xc3e020ec                movi_write_env
                0xc3e02104                movi_read_env
 .text          0xc3e0211c      0x2c4 lib_arm/libarm.a(board.o)
                0xc3e0211c                coloured_LED_init
                0xc3e0211c                __coloured_LED_init
                0xc3e02120                red_LED_on
                0xc3e02120                __red_LED_on
                0xc3e02124                __red_LED_off
                0xc3e02124                red_LED_off
                0xc3e02128                green_LED_on
                0xc3e02128                __green_LED_on
                0xc3e0212c                __green_LED_off
                0xc3e0212c                green_LED_off
                0xc3e02130                __yellow_LED_on
                0xc3e02130                yellow_LED_on
                0xc3e02134                __yellow_LED_off
                0xc3e02134                yellow_LED_off
                0xc3e02138                blue_LED_on
                0xc3e02138                __blue_LED_on
                0xc3e0213c                blue_LED_off
                0xc3e0213c                __blue_LED_off
                0xc3e021c8                hang
                0xc3e022ac                start_armboot
 .text          0xc3e023e0     0x18c0 drivers/mmc/libmmc.a(mmc.o)
                0xc3e02408                mmc_send_cmd
                0xc3e02418                mmc_set_blocklen
                0xc3e02450                mmc_send_ext_csd
                0xc3e024a0                mmc_set_relative_addr
                0xc3e024d8                mmc_switch
                0xc3e0251c                mmc_change_freq
                0xc3e025c8                sd_switch
                0xc3e02634                mmc_set_ios
                0xc3e02644                mmc_set_clock
                0xc3e02664                mmc_set_bus_width
                0xc3e0266c                mmc_send_if_cond
                0xc3e026e8                board_mmc_init
                0xc3e026f0                emmc_boot_close
                0xc3e02740                emmc_boot_open
                0xc3e027d8                emmc_boot_partition_size_change
                0xc3e028f4                emmc_boot_erase
                0xc3e02a20                mmc_send_app_op_cond
                0xc3e02b10                mmc_go_idle
                0xc3e02b64                mmc_send_op_cond
                0xc3e02c04                mmc_erase
                0xc3e02fb0                print_mmc_devices
                0xc3e03024                find_mmc_device
                0xc3e03070                mmc_get_dev
                0xc3e03130                movi_write
                0xc3e0324c                movi_read
                0xc3e03264                sd_change_freq
                0xc3e03434                mmc_startup
                0xc3e03ab4                mmc_init
                0xc3e03b18                mmc_initialize
                0xc3e03c30                mmc_register
 .text          0xc3e03ca0       0xac common/libcommon.a(cmd_bdinfo.o)
                0xc3e03cb4                do_bdinfo
 .text          0xc3e03d4c       0x90 common/libcommon.a(cmd_boot.o)
                0xc3e03d4c                do_go_exec
                0xc3e03d64                do_go
 .text          0xc3e03ddc      0xd60 common/libcommon.a(cmd_bootm.o)
                0xc3e03e00                arch_preboot_os
                0xc3e03e00                __arch_preboot_os
                0xc3e03ef0                do_iminfo
                0xc3e03f5c                do_bootd
                0xc3e04314                bootm_start
                0xc3e04668                do_bootm_subcommand
                0xc3e0482c                do_bootm
 .text          0xc3e04b3c       0xf0 common/libcommon.a(cmd_console.o)
                0xc3e04b3c                do_coninfo
 .text          0xc3e04c2c       0x84 common/libcommon.a(cmd_echo.o)
                0xc3e04c2c                do_echo
 .text          0xc3e04cb0      0x408 common/libcommon.a(cmd_elf.o)
                0xc3e04cb0                load_elf_image
                0xc3e04d48                valid_elf_image
                0xc3e04d9c                do_bootvx
                0xc3e04fdc                do_bootelf_exec
                0xc3e05020                do_bootelf
 .text          0xc3e050b8      0x598 common/libcommon.a(cmd_ext2.o)
                0xc3e050b8                ext_format
                0xc3e051bc                do_ext3_format
                0xc3e051cc                do_ext2_format
                0xc3e051dc                do_ext2load
                0xc3e0551c                do_ext2ls
 .text          0xc3e05650     0x221c common/libcommon.a(cmd_fastboot.o)
                0xc3e05650                LCD_turnon
                0xc3e05654                LCD_setfgcolor
                0xc3e05658                LCD_setleftcolor
                0xc3e0565c                LCD_setprogress
                0xc3e0567c                fastboot_flash_get_ptn
                0xc3e056a0                fastboot_flash_get_ptn_count
                0xc3e056b0                fastboot_flash_find_ptn
                0xc3e05724                fastboot_flash_dump_ptn
                0xc3e05870                fastboot_flash_add_ptn
                0xc3e05ec0                sd_format_mmcs
                0xc3e063b4                do_fastboot
                0xc3e074dc                do_sdfuse
 .text          0xc3e0786c      0x5e8 common/libcommon.a(cmd_fat.o)
                0xc3e0786c                do_fat_format
                0xc3e07954                do_fat_fsinfo
                0xc3e07a54                do_fat_ls
                0xc3e07b54                do_fat_fsload
 .text          0xc3e07e54       0x4c common/libcommon.a(cmd_help.o)
                0xc3e07e54                do_help
 .text          0xc3e07ea0      0x2fc common/libcommon.a(cmd_itest.o)
                0xc3e07f28                binary_test
                0xc3e08108                do_itest
 .text          0xc3e0819c      0xc70 common/libcommon.a(cmd_load.o)
                0xc3e0819c                ktrans
                0xc3e081bc                chk1
                0xc3e08224                k_data_init
                0xc3e08244                k_data_save
                0xc3e08264                k_data_restore
                0xc3e08280                k_data_char
                0xc3e082d0                send_pad
                0xc3e08300                s1_sendpacket
                0xc3e0832c                handle_send_packet
                0xc3e084f0                send_nack
                0xc3e08550                send_ack
                0xc3e086d8                do_load_serial_bin
                0xc3e08d2c                do_load_serial
 .text          0xc3e08e0c       0x68 common/libcommon.a(cmd_max8997.o)
                0xc3e08e0c                do_max8997
 .text          0xc3e08e74       0xb0 common/libcommon.a(cmd_mdmupgrade.o)
                0xc3e08e74                do_mdmup
 .text          0xc3e08f24      0x90c common/libcommon.a(cmd_mem.o)
                0xc3e08f24                do_mem_crc
                0xc3e08fd4                do_mem_base
                0xc3e09018                do_mem_mtest
                0xc3e091bc                do_mem_loop
                0xc3e092b4                do_mem_cp
                0xc3e09384                do_mem_cmp
                0xc3e09514                do_mem_mw
                0xc3e0971c                do_mem_nm
                0xc3e0973c                do_mem_mm
                0xc3e0975c                do_mem_md
 .text          0xc3e09830       0x88 common/libcommon.a(cmd_misc.o)
                0xc3e09830                do_sleep
 .text          0xc3e098b8      0xbfc common/libcommon.a(cmd_mmc.o)
                0xc3e098b8                do_mmcinfo
                0xc3e09a08                do_mmcops_secure
                0xc3e09cc8                do_mmcops
                0xc3e0a108                do_emmc
 .text          0xc3e0a4b4      0xc38 common/libcommon.a(cmd_mmc_fdisk.o)
                0xc3e0a4b4                calc_unit
                0xc3e0a4f4                encode_chs
                0xc3e0a514                get_SDInfo
                0xc3e0a5fc                make_partitionInfo
                0xc3e0a7f8                put_mmc_mbr
                0xc3e0a85c                get_mmc_mbr
                0xc3e0a8bc                get_mmc_block_count
                0xc3e0a900                decode_partitionInfo
                0xc3e0a940                get_mmc_part_info
                0xc3e0a9dc                print_mmc_part_info
                0xc3e0ab80                encode_partitionInfo
                0xc3e0abf8                make_mmc_partition
                0xc3e0afc0                create_mmc_fdisk
                0xc3e0b058                do_fdisk
 .text          0xc3e0b0ec      0x8a8 common/libcommon.a(cmd_movi.o)
                0xc3e0b0ec                do_movi
                0xc3e0b724                init_raw_area_table
 .text          0xc3e0b994      0x7f0 common/libcommon.a(cmd_nvedit.o)
                0xc3e0b994                get_env_id
                0xc3e0b9a4                envmatch
                0xc3e0ba04                getenv_r
                0xc3e0baa4                do_saveenv
                0xc3e0bad0                getenv
                0xc3e0bb38                _do_setenv
                0xc3e0bf30                do_setenv
                0xc3e0bf5c                setenv
                0xc3e0bfa8                do_editenv
                0xc3e0c0f8                do_printenv
 .text          0xc3e0c184      0x1e8 common/libcommon.a(cmd_source.o)
                0xc3e0c1a0                source
                0xc3e0c324                do_source
 .text          0xc3e0c36c      0x110 common/libcommon.a(cmd_usbd.o)
                0xc3e0c36c                do_usbd_dnw
 .text          0xc3e0c47c       0x20 common/libcommon.a(cmd_version.o)
                0xc3e0c47c                do_version
 .text          0xc3e0c49c      0x2dc common/libcommon.a(cmd_ximg.o)
                0xc3e0c49c                do_imgextract
 .text          0xc3e0c778      0x2ec common/libcommon.a(command.o)
                0xc3e0c778                cmd_get_data_size
                0xc3e0c7c8                cmd_usage
                0xc3e0c828                find_cmd_tbl
                0xc3e0c8bc                find_cmd
                0xc3e0c8e4                _do_help
 .text          0xc3e0ca64      0x548 common/libcommon.a(console.o)
                0xc3e0cb04                fgetc
                0xc3e0cb2c                ftstc
                0xc3e0cb54                fputc
                0xc3e0cb80                fputs
                0xc3e0cbac                disable_ctrlc
                0xc3e0cbc4                had_ctrlc
                0xc3e0cbd4                clear_ctrlc
                0xc3e0cbe8                dbg
                0xc3e0cbf4                console_init_f
                0xc3e0cc04                search_device
                0xc3e0cc2c                console_assign
                0xc3e0cc6c                fprintf
                0xc3e0ccb4                puts
                0xc3e0ccd0                vprintf
                0xc3e0ccfc                printf
                0xc3e0cd3c                stdio_print_current_devices
                0xc3e0cdf4                console_init_r
                0xc3e0ced4                serial_printf
                0xc3e0cf14                putc
                0xc3e0cf30                tstc
                0xc3e0cf48                getc
                0xc3e0cf60                ctrlc
 .text          0xc3e0cfac      0x1a8 common/libcommon.a(decompress_ext4.o)
                0xc3e0cfac                check_compress_ext4
                0xc3e0d070                write_compressed_ext4
 .text          0xc3e0d154     0x10c4 common/libcommon.a(dlmalloc.o)
                0xc3e0d154                sbrk
                0xc3e0d18c                malloc_trim
                0xc3e0d25c                free
                0xc3e0d48c                cfree
                0xc3e0d490                malloc
                0xc3e0daa4                memalign
                0xc3e0dbb4                pvalloc
                0xc3e0dbcc                valloc
                0xc3e0dbd8                malloc_usable_size
                0xc3e0dc1c                mallopt
                0xc3e0dc94                calloc
                0xc3e0dd74                mem_malloc_init
                0xc3e0dda0                realloc
 .text          0xc3e0e218      0x1d0 common/libcommon.a(env_auto.o)
                0xc3e0e218                env_get_char_spec
                0xc3e0e224                env_init
                0xc3e0e240                saveenv_nand
                0xc3e0e248                saveenv_nand_adv
                0xc3e0e250                env_relocate_spec_onenand
                0xc3e0e2dc                env_relocate_spec_nand
                0xc3e0e2e0                env_relocate_spec_movinand
                0xc3e0e318                env_relocate_spec
                0xc3e0e350                saveenv_onenand
                0xc3e0e368                saveenv_movinand
                0xc3e0e3a0                saveenv
 .text          0xc3e0e3e8      0x13c common/libcommon.a(env_common.o)
                0xc3e0e3e8                env_get_char_memory
                0xc3e0e40c                env_get_addr
                0xc3e0e430                env_get_char
                0xc3e0e460                env_crc_update
                0xc3e0e488                set_default_env
                0xc3e0e4cc                env_relocate
 .text          0xc3e0e524      0x1e4 common/libcommon.a(exports.o)
                0xc3e0e528                get_version
                0xc3e0e530                jumptable_init
 .text          0xc3e0e708      0x7b4 common/libcommon.a(image.o)
                0xc3e0e740                image_multi_count
                0xc3e0e768                get_table_entry_name
                0xc3e0e794                genimg_get_os_name
                0xc3e0e7ac                genimg_get_arch_name
                0xc3e0e7c4                genimg_get_type_name
                0xc3e0e7dc                genimg_get_comp_name
                0xc3e0e7f4                genimg_get_image
                0xc3e0e7f8                genimg_has_config
                0xc3e0e800                get_table_entry_id
                0xc3e0e84c                genimg_get_comp_id
                0xc3e0e864                genimg_get_type_id
                0xc3e0e87c                genimg_get_arch_id
                0xc3e0e894                genimg_get_os_id
                0xc3e0e8d0                genimg_get_format
                0xc3e0e8f4                image_multi_getimg
                0xc3e0e97c                genimg_print_size
                0xc3e0e9a8                image_print_contents
                0xc3e0eb3c                memmove_wd
                0xc3e0eb40                getenv_bootm_low
                0xc3e0eb74                getenv_yesno
                0xc3e0eb98                getenv_bootm_size
                0xc3e0ebcc                image_check_dcrc
                0xc3e0ec14                image_check_hcrc
                0xc3e0ec68                boot_get_ramdisk
 .text          0xc3e0eebc     0x10f4 common/libcommon.a(main.o)
                0xc3e0eebc                __show_boot_progress
                0xc3e0eebc                show_boot_progress
                0xc3e0eec0                parse_line
                0xc3e0ef4c                run_command
                0xc3e0f31c                do_run
                0xc3e0f5b4                readline_into_buffer
                0xc3e0fe34                readline
                0xc3e0fe50                main_loop
 .text          0xc3e0ffb0      0x2d8 common/libcommon.a(s_record.o)
                0xc3e10024                srec_decode
 .text          0xc3e10288      0x174 common/libcommon.a(stdio.o)
                0xc3e10288                stdio_get_list
                0xc3e10294                stdio_clone
                0xc3e102dc                stdio_get_by_name
                0xc3e10330                stdio_register
                0xc3e10370                stdio_init
 .text          0xc3e103fc      0x97c common/libcommon.a(xyzModem.o)
                0xc3e103fc                parse_num
                0xc3e10538                xyzModem_error
                0xc3e10558                xyzModem_stream_close
                0xc3e105a8                CYGACC_COMM_IF_PUTC
                0xc3e105b0                CYGACC_COMM_IF_GETC_TIMEOUT
                0xc3e10630                xyzModem_stream_terminate
                0xc3e10980                xyzModem_stream_read
                0xc3e10c14                xyzModem_stream_open
 .text          0xc3e10d78      0x410 board/samsung/smdkc210/libsmdkc210.a(smdkc210.o)
                0xc3e10d78                board_init
                0xc3e10d9c                virt_to_phy_smdkc210
                0xc3e10dac                checkboard
                0xc3e10dd8                dram_init
                0xc3e10fdc                chk_bootdev
                0xc3e11080                check_bootmode
                0xc3e11124                board_late_init
 .text          0xc3e11188       0x44 lib_generic/libgeneric.a(crc16.o)
                0xc3e11188                cyg_crc16
 .text          0xc3e111cc      0x104 lib_generic/libgeneric.a(crc32.o)
                0xc3e111cc                crc32_no_comp
                0xc3e112b8                crc32
                0xc3e112cc                crc32_wd
 .text          0xc3e112d0      0x23c lib_generic/libgeneric.a(display_options.o)
                0xc3e112d0                print_size
                0xc3e11394                display_options
                0xc3e113b4                print_buffer
 .text          0xc3e1150c      0x1c4 lib_generic/libgeneric.a(gunzip.o)
                0xc3e1150c                zunzip
                0xc3e11604                gunzip
                0xc3e116b8                zfree
                0xc3e116c0                zalloc
 .text          0xc3e116d0       0x78 lib_generic/libgeneric.a(net_utils.o)
                0xc3e116d0                string_to_ip
 .text          0xc3e11748      0xc0c lib_generic/libgeneric.a(vsprintf.o)
                0xc3e11764                simple_strtoul
                0xc3e11820                simple_strtol
                0xc3e11848                ustrtoul
                0xc3e118bc                simple_strtoull
                0xc3e119d4                panic
                0xc3e11ec4                vsprintf
                0xc3e12330                sprintf
 .text          0xc3e12354     0x2718 lib_generic/libgeneric.a(zlib.o)
                0xc3e12354                inflate_fast
                0xc3e12870                inflate_table
                0xc3e12dd8                inflateReset
                0xc3e12e74                inflateInit2_
                0xc3e12f70                inflateInit_
                0xc3e12f80                inflateEnd
                0xc3e13004                adler32
                0xc3e13300                zcfree
                0xc3e13308                zcalloc
                0xc3e13310                inflate
 .text          0xc3e14a6c        0x0 lib_generic/libgeneric.a(ctype.o)
 .text          0xc3e14a6c       0xf4 lib_generic/libgeneric.a(div64.o)
                0xc3e14a6c                __div64_32
 .text          0xc3e14b60      0x2ec cpu/arm_cortexa9/libarm_cortexa9.a(cpu.o)
                0xc3e14b9c                InitBaseHwForNfc
                0xc3e14c24                _console_write
                0xc3e14c78                _console_setup
                0xc3e14cd8                cpu_init
                0xc3e14ce0                icache_enable
                0xc3e14cfc                icache_disable
                0xc3e14d18                icache_status
                0xc3e14d28                dcache_enable
                0xc3e14d44                dcache_disable
                0xc3e14d60                dcache_status
                0xc3e14d70                branch_enable
                0xc3e14d8c                branch_disable
                0xc3e14da8                branch_status
                0xc3e14db8                cpu_mmc_init
                0xc3e14dd0                reset_cpu
                0xc3e14e04                do_reset
                0xc3e14e1c                cleanup_before_linux
 .text          0xc3e14e4c       0xa4 cpu/arm_cortexa9/s5pc210/libs5pc210.a(serial.o)
                0xc3e14e4c                serial_setbrg
                0xc3e14e50                serial_init
                0xc3e14e6c                serial_tstc
                0xc3e14e80                serial_putc
                0xc3e14eac                serial_puts
                0xc3e14ed4                serial_getc
 .text          0xc3e14ef0     0x1dc0 cpu/arm_cortexa9/s5pc210/libs5pc210.a(usbd-otg-hs.o)
                0xc3e14ef0                s3c_usb_phy_off
                0xc3e14f1c                s3c_usb_core_soft_reset
                0xc3e14f40                s3c_usb_init_core
                0xc3e14f5c                s3c_usb_check_current_mode
                0xc3e14f74                s3c_usb_set_soft_disconnect
                0xc3e14f8c                s3c_usb_clear_soft_disconnect
                0xc3e14fa4                s3c_usb_init_device
                0xc3e14fd0                s3c_usbc_activate
                0xc3e14fd8                s3c_usb_stop
                0xc3e14fec                s3c_usb_set_inep_xfersize
                0xc3e15020                s3c_usb_set_outep_xfersize
                0xc3e15054                s3c_usb_write_ep0_fifo
                0xc3e150a4                s3c_usb_write_in_fifo
                0xc3e150f4                s3c_usb_read_out_fifo
                0xc3e15140                s3c_usb_get_desc
                0xc3e1524c                s3c_usb_clear_feature
                0xc3e152bc                s3c_usb_set_feature
                0xc3e15414                s3c_usb_get_status
                0xc3e154ac                s3c_usb_ep0_int_hndlr
                0xc3e1561c                s3c_usb_set_otherspeed_conf_desc
                0xc3e15708                s3c_usb_transfer_ep0
                0xc3e15f90                s3c_usb_int_bulkin
                0xc3e16058                s3c_usb_upload_start
                0xc3e161b0                s3c_usb_download_start
                0xc3e162cc                s3c_usb_dma_in_done
                0xc3e16364                s3c_usb_set_all_outep_nak
                0xc3e1638c                s3c_usb_clear_all_outep_nak
                0xc3e163b4                s3c_usb_set_max_pktsize
                0xc3e16400                s3c_usb_set_endpoint
                0xc3e16444                s3c_usb_set_descriptors
                0xc3e16594                s3c_usb_check_speed
                0xc3e165ac                s3c_usb_clear_dnfile_info
                0xc3e165c8                s3c_usb_clear_upfile_info
                0xc3e165e4                s3c_usb_check_setconf
                0xc3e165fc                s3c_usb_set_opmode
                0xc3e1666c                s3c_usb_reset
                0xc3e166cc                s3c_usb_set_init
                0xc3e1672c                s3c_usb_verify_checksum
                0xc3e167cc                s3c_usb_download_continue
                0xc3e16878                s3c_usb_int_bulkout
                0xc3e168a0                s3c_usb_pkt_receive
                0xc3e1690c                s3c_usb_print_pkt
                0xc3e16958                s3c_usb_dma_out_done
                0xc3e169fc                s3c_usb_transfer
                0xc3e16af8                s3c_udc_int_hndlr
                0xc3e16b98                s3c_usb_wait_cable_insert
                0xc3e16be8                s3c_usb_init_phy
                0xc3e16c28                s3c_usbctl_init
 .text          0xc3e16cb0      0x18c cpu/arm_cortexa9/s5pc210/libs5pc210.a(cpu_info.o)
                0xc3e16cb0                get_device_type
                0xc3e16cc0                arch_cpu_init
                0xc3e16e1c                print_cpuinfo
 .text          0xc3e16e3c     0x204c cpu/arm_cortexa9/s5pc210/libs5pc210.a(fastboot.o)
                0xc3e16e3c                fboot_usb_phy_off
                0xc3e16e68                fboot_usb_core_soft_reset
                0xc3e16e8c                fboot_usb_init_core
                0xc3e16ea8                fboot_usb_check_current_mode
                0xc3e16ec0                fboot_usb_set_soft_disconnect
                0xc3e16ed8                fboot_usb_clear_soft_disconnect
                0xc3e16ef0                fboot_usb_init_device
                0xc3e16f1c                fboot_usbc_activate
                0xc3e16f24                fboot_usb_stop
                0xc3e16f38                fboot_usb_set_inep_xfersize
                0xc3e16f6c                fboot_usb_set_outep_xfersize
                0xc3e16fa0                fboot_usb_write_ep0_fifo
                0xc3e16ff0                fboot_usb_write_in_fifo
                0xc3e17040                fboot_usb_read_out_fifo
                0xc3e1708c                fboot_usb_get_desc
                0xc3e171ac                fboot_usb_clear_feature
                0xc3e1721c                fboot_usb_set_feature
                0xc3e17374                fboot_usb_get_status
                0xc3e1740c                fboot_usb_ep0_int_hndlr
                0xc3e1757c                fboot_usb_set_otherspeed_conf_desc
                0xc3e17668                fboot_usb_transfer_ep0
                0xc3e17f08                fboot_usb_upload_start
                0xc3e18060                fboot_usb_download_start
                0xc3e1817c                fboot_usb_dma_in_done
                0xc3e18214                fboot_usb_set_all_outep_nak
                0xc3e1823c                fboot_usb_clear_all_outep_nak
                0xc3e18264                fboot_usb_set_max_pktsize
                0xc3e182b0                fboot_usb_set_endpoint
                0xc3e182f4                fboot_usb_set_descriptors
                0xc3e18448                fboot_usb_check_speed
                0xc3e18460                fboot_usb_clear_dnfile_info
                0xc3e1847c                fboot_usb_clear_upfile_info
                0xc3e18498                fboot_usb_check_setconf
                0xc3e184b0                fboot_usb_set_opmode
                0xc3e18520                fboot_usb_reset
                0xc3e18580                fastboot_shutdown
                0xc3e18584                fastboot_fifo_size
                0xc3e185a0                fastboot_getvar
                0xc3e185a8                fboot_usb_int_bulkin
                0xc3e18634                fastboot_preboot
                0xc3e186c8                fboot_usb_set_init
                0xc3e18728                fboot_usb_verify_checksum
                0xc3e187bc                fboot_usb_download_continue
                0xc3e18868                fboot_usb_print_pkt
                0xc3e188a8                fboot_usb_dma_out_done
                0xc3e1894c                fboot_usb_transfer
                0xc3e18a4c                fboot_usb_wait_cable_insert
                0xc3e18a8c                fboot_usb_init_phy
                0xc3e18acc                fboot_usbctl_init
                0xc3e18b54                fastboot_init
                0xc3e18c30                fboot_usb_int_bulkout
                0xc3e18cc0                fboot_usb_pkt_receive
                0xc3e18d2c                fboot_usb_int_hndlr
                0xc3e18de8                fastboot_poll
                0xc3e18e3c                fastboot_tx_status
 .text          0xc3e18e88      0x430 cpu/arm_cortexa9/s5pc210/libs5pc210.a(pmic.o)
                0xc3e18e88                PMIC_GetVoltage_Buck
                0xc3e18ed0                PMIC_SetVoltage_Buck
                0xc3e18f14                I2C_S5M8767_VolSetting
                0xc3e18f80                pmic8767_init
                0xc3e18fd8                PMIC_InitIp
                0xc3e19228                GPIO_Reset_B
                0xc3e19270                GPIO_Reset_A
 .text          0xc3e192b8     0x2be4 cpu/arm_cortexa9/s5pc210/libs5pc210.a(gpio.o)
                0xc3e192b8                GPIO_Init
                0xc3e192cc                GPIO_SetFunctionEach
                0xc3e192fc                GPIO_SetFunctionAll
                0xc3e19314                GPIO_SetDataEach
                0xc3e19344                GPIO_SetDataAll
                0xc3e19360                GPIO_GetDataAll
                0xc3e1937c                GPIO_SetPullUpDownEach
                0xc3e193b0                GPIO_SetPullUpDownAll
                0xc3e193cc                ETC_SetPullUpDownEach
                0xc3e193fc                ETC_SetPullUpDownAll
                0xc3e19414                GPIO_SetDSEach
                0xc3e19448                GPIO_SetDSAll
                0xc3e19474                GPIO_SetConRegPDNAll
                0xc3e19490                GPIO_SetPullUDPDNAll
                0xc3e194ac                GPIO_EINT1ClrPend
                0xc3e194d0                GPIO_EINT1UnMask
                0xc3e194f8                GPIO_EINT1Mask
                0xc3e19528                GPIO_EINT2ClrPend
                0xc3e1954c                GPIO_EINT2UnMask
                0xc3e19574                GPIO_EINT2Mask
                0xc3e195a4                GPIO_EINT3ClrPend
                0xc3e195c8                GPIO_EINT3UnMask
                0xc3e195f0                GPIO_EINT3Mask
                0xc3e19620                GPIO_EINT4ClrPend
                0xc3e19644                GPIO_EINT4UnMask
                0xc3e1966c                GPIO_EINT4Mask
                0xc3e1969c                GPIO_EINT5ClrPend
                0xc3e196c0                GPIO_EINT5UnMask
                0xc3e196e8                GPIO_EINT5Mask
                0xc3e19718                GPIO_EINT6ClrPend
                0xc3e1973c                GPIO_EINT6UnMask
                0xc3e19764                GPIO_EINT6Mask
                0xc3e19794                GPIO_EINT7ClrPend
                0xc3e197b8                GPIO_EINT7UnMask
                0xc3e197e0                GPIO_EINT7Mask
                0xc3e19810                GPIO_EINT8ClrPend
                0xc3e19834                GPIO_EINT8UnMask
                0xc3e1985c                GPIO_EINT8Mask
                0xc3e1988c                GPIO_EINT9ClrPend
                0xc3e198b0                GPIO_EINT9UnMask
                0xc3e198d8                GPIO_EINT9Mask
                0xc3e19908                GPIO_EINT10ClrPend
                0xc3e1992c                GPIO_EINT10UnMask
                0xc3e19954                GPIO_EINT10Mask
                0xc3e19984                GPIO_EINT11ClrPend
                0xc3e199a8                GPIO_EINT11UnMask
                0xc3e199d0                GPIO_EINT11Mask
                0xc3e19a00                GPIO_EINT12ClrPend
                0xc3e19a24                GPIO_EINT12UnMask
                0xc3e19a4c                GPIO_EINT12Mask
                0xc3e19a7c                GPIO_EINT13ClrPend
                0xc3e19aa0                GPIO_EINT13UnMask
                0xc3e19ac8                GPIO_EINT13Mask
                0xc3e19af8                GPIO_EINT14ClrPend
                0xc3e19b1c                GPIO_EINT14UnMask
                0xc3e19b44                GPIO_EINT14Mask
                0xc3e19b74                GPIO_EINT15ClrPend
                0xc3e19b98                GPIO_EINT15UnMask
                0xc3e19bc0                GPIO_EINT15Mask
                0xc3e19bf0                GPIO_EINT16ClrPend
                0xc3e19c14                GPIO_EINT16UnMask
                0xc3e19c3c                GPIO_EINT16Mask
                0xc3e19c6c                GPIO_EINT21ClrPend
                0xc3e19c88                GPIO_EINT21UnMask
                0xc3e19ca8                GPIO_EINT21Mask
                0xc3e19cd0                GPIO_EINT22ClrPend
                0xc3e19cec                GPIO_EINT22UnMask
                0xc3e19d0c                GPIO_EINT22Mask
                0xc3e19d34                GPIO_EINT23ClrPend
                0xc3e19d50                GPIO_EINT23UnMask
                0xc3e19d70                GPIO_EINT23Mask
                0xc3e19d98                GPIO_EINT24ClrPend
                0xc3e19db4                GPIO_EINT24UnMask
                0xc3e19dd4                GPIO_EINT24Mask
                0xc3e19dfc                GPIO_EINT25ClrPend
                0xc3e19e18                GPIO_EINT25UnMask
                0xc3e19e38                GPIO_EINT25Mask
                0xc3e19e60                GPIO_EINT26ClrPend
                0xc3e19e7c                GPIO_EINT26UnMask
                0xc3e19e9c                GPIO_EINT26Mask
                0xc3e19ec4                GPIO_EINT27ClrPend
                0xc3e19ee0                GPIO_EINT27UnMask
                0xc3e19f00                GPIO_EINT27Mask
                0xc3e19f28                GPIO_EINT28ClrPend
                0xc3e19f44                GPIO_EINT28UnMask
                0xc3e19f64                GPIO_EINT28Mask
                0xc3e19f8c                GPIO_EINT29ClrPend
                0xc3e19fa8                GPIO_EINT29UnMask
                0xc3e19fc8                GPIO_EINT29Mask
                0xc3e19ff0                GPIO_EINT40ClrPend
                0xc3e1a00c                GPIO_EINT40UnMask
                0xc3e1a02c                GPIO_EINT40Mask
                0xc3e1a054                GPIO_EINT41ClrPend
                0xc3e1a070                GPIO_EINT41UnMask
                0xc3e1a090                GPIO_EINT41Mask
                0xc3e1a0b8                GPIO_EINT42ClrPend
                0xc3e1a0d4                GPIO_EINT42UnMask
                0xc3e1a0f4                GPIO_EINT42Mask
                0xc3e1a11c                GPIO_EINT43ClrPend
                0xc3e1a138                GPIO_EINT43UnMask
                0xc3e1a158                GPIO_EINT43Mask
                0xc3e1a180                EINT_GRPPRI_XA
                0xc3e1a1a8                EINT_GRPPRI_XB
                0xc3e1a1c8                EINT_PRIORITY_XA
                0xc3e1a1fc                EINT_PRIORITY_XB
                0xc3e1a228                Get_EINTSVC_XA
                0xc3e1a244                Get_EINTSVC_XB
                0xc3e1a258                Get_EINTSVCPEND_XA
                0xc3e1a274                Get_EINTSVCPEND_XB
                0xc3e1a288                EINT_GRPFIXPRI_XA
                0xc3e1a2b0                EINT_GRPFIXPRI_XB
                0xc3e1a2d0                EINT_FIXPRI_XB
                0xc3e1a314                EINT_FIXPRI_XA
                0xc3e1a388                GPIO_SetEint1
                0xc3e1a484                GPIO_SetEint2
                0xc3e1a58c                GPIO_SetEint3
                0xc3e1a694                GPIO_SetEint4
                0xc3e1a77c                GPIO_SetEint5
                0xc3e1a864                GPIO_SetEint6
                0xc3e1a920                GPIO_SetEint7
                0xc3e1a9dc                GPIO_SetEint8
                0xc3e1aac4                GPIO_SetEint9
                0xc3e1abcc                GPIO_SetEint10
                0xc3e1acd4                GPIO_SetEint11
                0xc3e1addc                GPIO_SetEint12
                0xc3e1aee4                GPIO_SetEint13
                0xc3e1afec                GPIO_SetEint14
                0xc3e1b0f4                GPIO_SetEint15
                0xc3e1b1fc                GPIO_SetEint16
                0xc3e1b304                GPIO_SetEint21
                0xc3e1b3f0                GPIO_SetEint22
                0xc3e1b4bc                GPIO_SetEint23
                0xc3e1b5a8                GPIO_SetEint24
                0xc3e1b694                GPIO_SetEint25
                0xc3e1b780                GPIO_SetEint26
                0xc3e1b86c                GPIO_SetEint27
                0xc3e1b958                GPIO_SetEint28
                0xc3e1ba00                GPIO_SetEint29
                0xc3e1baec                GPIO_SetEint40
                0xc3e1bbd8                GPIO_SetEint41
                0xc3e1bcc4                GPIO_SetEint42
                0xc3e1bdb0                GPIO_SetEint43
 .text          0xc3e1be9c     0x1364 cpu/arm_cortexa9/s5pc210/libs5pc210.a(i2c.o)
                0xc3e1be9c                I2C_GetLastError
                0xc3e1beb4                I2C_SetClock
                0xc3e1bf20                I2C_SetAckGeneration
                0xc3e1bf5c                I2C_SetSlaveAddress
                0xc3e1bf90                I2C_SetFilter
                0xc3e1bfcc                I2C_SetOutputDelay
                0xc3e1c004                I2C_EnableInt
                0xc3e1c028                I2C_DisableInt
                0xc3e1c04c                I2C_GetIntStatus
                0xc3e1c06c                I2C_WaitForXferNoAck
                0xc3e1c0ac                I2C_ClearIntStatus
                0xc3e1c0d0                I2C_SetMode
                0xc3e1c1cc                I2C_GenerateSignal
                0xc3e1c208                I2C_GetBusStatus
                0xc3e1c228                I2C_IsBusReady
                0xc3e1c24c                I2C_WaitForBusReady
                0xc3e1c28c                I2C_IsBusBusy
                0xc3e1c2ac                I2C_IsMatchAddress
                0xc3e1c2cc                I2C_WaitForMatchAddress
                0xc3e1c31c                I2C_IsXferAck
                0xc3e1c340                I2C_WaitForXferAck
                0xc3e1c390                I2C_WriteAddress
                0xc3e1c3b0                I2C_WriteData
                0xc3e1c3cc                I2C_ReadData
                0xc3e1c3e8                I2C_SetGPIO
                0xc3e1c820                I2C_InitSlave
                0xc3e1c878                I2C_InitMaster
                0xc3e1c8c0                I2C_CalculatePrescaler
                0xc3e1c990                I2C_PrintErrorCase
                0xc3e1cc9c                I2C_RecvEx
                0xc3e1cca0                I2C_Recv
                0xc3e1cffc                I2C_SendEx
                0xc3e1d000                I2C_Send
                0xc3e1d158                I2C_InitIp
 .text          0xc3e1d200     0x1f14 cpu/arm_cortexa9/s5pc210/libs5pc210.a(cmu.o)
                0xc3e1d200                SYSC_SetCpuDiv
                0xc3e1d280                SYSC_SetCoreDiv
                0xc3e1d31c                SYSC_SetTopBusDiv
                0xc3e1d3b4                SYSC_SetDivDefaultVal
                0xc3e1d43c                SYSC_SetLocktimeVal
                0xc3e1d4bc                SYSC_CheckPllLock
                0xc3e1d510                SYSC_EnablePll
                0xc3e1d574                SYSC_DisablePll
                0xc3e1d5cc                SYSC_SetDitherParam
                0xc3e1d834                SYSC_CalcPllFout
                0xc3e1d970                SYSC_GetMuxSrc
                0xc3e1d998                SYSC_SetMuxSrc
                0xc3e1da50                SYSC_SetClkDiv
                0xc3e1daa4                SYSC_GetClkDiv
                0xc3e1dad0                SYSC_SetClkGateIp
                0xc3e1db04                SYSC_GetClkGateIp
                0xc3e1db30                SYSC_SetClkGateBlock
                0xc3e1db64                SYSC_GetClkGateBlock
                0xc3e1dbe8                SYSC_SetClkOut
                0xc3e1dcf8                SYSC_SetPllByPms
                0xc3e1df80                SYSC_SetPllByFout
                0xc3e1e42c                SYSC_GetVcoPll
                0xc3e1e584                SYSC_GetFoutPll
                0xc3e1e6f4                SYSC_ChangePllnDiv
                0xc3e1e8b8                SYSC_InitSysClk
                0xc3e1ef70                SYSC_GetClkFreq
 .text          0xc3e1f114       0x98 cpu/arm_cortexa9/s5pc210/libs5pc210.a(speed.o)
                0xc3e1f168                get_ARM_CLK
                0xc3e1f19c                get_MPLL_CLK
                0xc3e1f1a4                get_APLL_CLK
 .text          0xc3e1f1ac      0x458 cpu/arm_cortexa9/s5pc210/libs5pc210.a(max8997.o)
                0xc3e1f4c8                pmic_write
                0xc3e1f4cc                max8997_init
                0xc3e1f594                lowlevel_init_max8997
                0xc3e1f600                pmic_read
 .text          0xc3e1f604      0x260 cpu/arm_cortexa9/s5pc210/libs5pc210.a(setup_hsmmc.o)
                0xc3e1f604                setup_sdhci0_cfg_card
                0xc3e1f608                setup_hsmmc_cfg_gpio
                0xc3e1f6a0                setup_hsmmc_clock
                0xc3e1f78c                set_hsmmc_pre_ratio
                0xc3e1f814                clear_hsmmc_clock_div
 .text          0xc3e1f864      0x174 cpu/arm_cortexa9/s5pc210/libs5pc210.a(recovery.o)
                0xc3e1f864                factory_reset
                0xc3e1f928                recovery_preboot
 .text          0xc3e1f9d8      0x238 lib_arm/libarm.a(bootm.o)
                0xc3e1f9d8                do_bootm_linux
 .text          0xc3e1fc10        0x4 lib_arm/libarm.a(cache.o)
                0xc3e1fc10                flush_cache
 .text          0xc3e1fc14     0x19d0 fs/fat/libfat.a(fat.o)
                0xc3e1fdcc                disk_read
                0xc3e20120                file_fat_detectfs
                0xc3e20558                do_fat_read
                0xc3e20e4c                file_fat_read
                0xc3e20e84                file_fat_ls
                0xc3e20e94                fat_register_device
                0xc3e20fa4                fat_format_device
 .text          0xc3e215e4     0x3370 fs/ext2/libext2fs.a(ext2fs.o)
                0xc3e215e4                get_random_val
                0xc3e215fc                default_journal_size
                0xc3e2163c                ext2fs_format
                0xc3e23b78                ext2fs_free_node
                0xc3e23b98                ext2fs_close
                0xc3e23d18                ext2fs_mount
                0xc3e23dcc                ext2fs_read_file
                0xc3e242a0                ext2fs_read
                0xc3e24548                ext2fs_find_file1
                0xc3e247d0                ext2fs_find_file
                0xc3e2484c                ext2fs_open
                0xc3e248e0                ext2fs_ls
 .text          0xc3e24954      0x224 fs/ext2/libext2fs.a(dev.o)
                0xc3e24954                ext2fs_devread
                0xc3e24b2c                ext2fs_set_blk_dev
 .text          0xc3e24b78      0x37c disk/libdisk.a(part.o)
                0xc3e24b78                dev_print
                0xc3e24d74                get_partition_info
                0xc3e24d98                init_part
                0xc3e24db4                get_dev
                0xc3e24e18                print_part
 .text          0xc3e24ef4      0x508 disk/libdisk.a(part_dos.o)
                0xc3e24f38                test_part_dos
                0xc3e251e4                get_partition_info_dos
                0xc3e253d0                print_part_dos
 .text          0xc3e253fc      0x528 drivers/mmc/libmmc.a(s3c_hsmmc.o)
                0xc3e257cc                smdk_s3c_hsmmc_init
 .text          0xc3e25924      0xd14 drivers/mmc/libmmc.a(s5p_mshc.o)
                0xc3e25ae4                mshci_fifo_deinit
                0xc3e26544                emmc_mode_change
                0xc3e26594                smdk_s5p_mshc_init
 .text          0xc3e26638       0x1c /home/charlie/project/itop/android-4.0.3/uboot/uboot/lib_arm/eabi_compat.o
                0xc3e26638                raise
 .text          0xc3e26654      0x20c /usr/local/arm/arm-2009q3/bin/../lib/gcc/arm-none-linux-gnueabi/4.4.1/libgcc.a(_udivsi3.o)
                0xc3e26654                __udivsi3
                0xc3e26654                __aeabi_uidiv
                0xc3e26840                __aeabi_uidivmod
 .text          0xc3e26860      0x240 /usr/local/arm/arm-2009q3/bin/../lib/gcc/arm-none-linux-gnueabi/4.4.1/libgcc.a(_divsi3.o)
                0xc3e26860                __aeabi_idiv
                0xc3e26860                __divsi3
                0xc3e26a80                __aeabi_idivmod
 .text          0xc3e26aa0       0x1c /usr/local/arm/arm-2009q3/bin/../lib/gcc/arm-none-linux-gnueabi/4.4.1/libgcc.a(_lshrdi3.o)
                0xc3e26aa0                __aeabi_llsr
                0xc3e26aa0                __lshrdi3
 .text          0xc3e26abc      0x3b8 /usr/local/arm/arm-2009q3/bin/../lib/gcc/arm-none-linux-gnueabi/4.4.1/libgcc.a(_arm_addsubdf3.o)
                0xc3e26abc                __aeabi_drsub
                0xc3e26ac4                __aeabi_dsub
                0xc3e26ac4                __subdf3
                0xc3e26ac8                __adddf3
                0xc3e26ac8                __aeabi_dadd
                0xc3e26d74                __aeabi_ui2d
                0xc3e26d74                __floatunsidf
                0xc3e26d98                __floatsidf
                0xc3e26d98                __aeabi_i2d
                0xc3e26dc0                __extendsfdf2
                0xc3e26dc0                __aeabi_f2d
                0xc3e26e00                __aeabi_ul2d
                0xc3e26e00                __floatundidf
                0xc3e26e14                __floatdidf
                0xc3e26e14                __aeabi_l2d
 .text          0xc3e26e74      0x470 /usr/local/arm/arm-2009q3/bin/../lib/gcc/arm-none-linux-gnueabi/4.4.1/libgcc.a(_arm_muldivdf3.o)
                0xc3e26e74                __aeabi_dmul
                0xc3e26e74                __muldf3
                0xc3e270e0                __aeabi_ddiv
                0xc3e270e0                __divdf3
 .text          0xc3e272e4       0xa0 /usr/local/arm/arm-2009q3/bin/../lib/gcc/arm-none-linux-gnueabi/4.4.1/libgcc.a(_arm_truncdfsf2.o)
                0xc3e272e4                __aeabi_d2f
                0xc3e272e4                __truncdfsf2
 .text          0xc3e27384      0x250 /usr/local/arm/arm-2009q3/bin/../lib/gcc/arm-none-linux-gnueabi/4.4.1/libgcc.a(_arm_addsubsf3.o)
                0xc3e27384                __aeabi_frsub
                0xc3e2738c                __subsf3
                0xc3e2738c                __aeabi_fsub
                0xc3e27390                __aeabi_fadd
                0xc3e27390                __addsf3
                0xc3e27520                __aeabi_ui2f
                0xc3e27520                __floatunsisf
                0xc3e27528                __aeabi_i2f
                0xc3e27528                __floatsisf
                0xc3e27548                __floatundisf
                0xc3e27548                __aeabi_ul2f
                0xc3e27558                __floatdisf
                0xc3e27558                __aeabi_l2f
 .text          0xc3e275d4      0x2f8 /usr/local/arm/arm-2009q3/bin/../lib/gcc/arm-none-linux-gnueabi/4.4.1/libgcc.a(_arm_muldivsf3.o)
                0xc3e275d4                __mulsf3
                0xc3e275d4                __aeabi_fmul
                0xc3e2776c                __divsf3
                0xc3e2776c                __aeabi_fdiv
 .text          0xc3e278cc       0xfc /usr/local/arm/arm-2009q3/bin/../lib/gcc/arm-none-linux-gnueabi/4.4.1/libgcc.a(_arm_cmpsf2.o)
                0xc3e278cc                __gtsf2
                0xc3e278cc                __gesf2
                0xc3e278d4                __lesf2
                0xc3e278d4                __ltsf2
                0xc3e278dc                __nesf2
                0xc3e278dc                __eqsf2
                0xc3e278dc                __cmpsf2
                0xc3e27940                __aeabi_cfrcmple
                0xc3e27950                __aeabi_cfcmple
                0xc3e27950                __aeabi_cfcmpeq
                0xc3e27964                __aeabi_fcmpeq
                0xc3e27978                __aeabi_fcmplt
                0xc3e2798c                __aeabi_fcmple
                0xc3e279a0                __aeabi_fcmpge
                0xc3e279b4                __aeabi_fcmpgt
 .text          0xc3e279c8       0x54 /usr/local/arm/arm-2009q3/bin/../lib/gcc/arm-none-linux-gnueabi/4.4.1/libgcc.a(_arm_fixunssfsi.o)
                0xc3e279c8                __aeabi_f2uiz
                0xc3e279c8                __fixunssfsi
 .text          0xc3e27a1c       0x10 /usr/local/arm/arm-2009q3/bin/../lib/gcc/arm-none-linux-gnueabi/4.4.1/libgcc.a(_dvmd_lnx.o)
                0xc3e27a1c                __aeabi_ldiv0
                0xc3e27a1c                __aeabi_idiv0

.glue_7         0xc3e27a2c        0x0
 .glue_7        0x00000000        0x0 linker stubs

.glue_7t        0xc3e27a2c        0x0
 .glue_7t       0x00000000        0x0 linker stubs

.vfp11_veneer   0xc3e27a2c        0x0
 .vfp11_veneer  0x00000000        0x0 linker stubs

.v4_bx          0xc3e27a2c        0x0
 .v4_bx         0x00000000        0x0 linker stubs
                0xc3e27a2c                . = ALIGN (0x4)

.rodata         0xc3e27a2c     0xcb76
 *(SORT(.rodata*))
 .rodata        0xc3e27a2c       0x14 common/ace_sha1.o
                0xc3e27a2c                sha1_digest_emptymsg
 .rodata        0xc3e27a40       0x80 cpu/arm_cortexa9/s5pc210/libs5pc210.a(interrupts.o)
 .rodata        0xc3e27ac0       0x40 lib_arm/libarm.a(board.o)
                0xc3e27ac0                version_string
 .rodata        0xc3e27b00       0x4c common/libcommon.a(cmd_bootm.o)
 .rodata        0xc3e27b4c       0x58 common/libcommon.a(command.o)
 .rodata        0xc3e27ba4       0x20 common/libcommon.a(xyzModem.o)
 .rodata        0xc3e27bc4      0x200 lib_generic/libgeneric.a(crc16.o)
 .rodata        0xc3e27dc4      0x400 lib_generic/libgeneric.a(crc32.o)
 .rodata        0xc3e281c4       0x24 lib_generic/libgeneric.a(vsprintf.o)
                0xc3e281d4                hex_asc
 .rodata        0xc3e281e8      0x9d0 lib_generic/libgeneric.a(zlib.o)
                0xc3e28b90                z_errmsg
 .rodata        0xc3e28bb8       0xac cpu/arm_cortexa9/s5pc210/libs5pc210.a(usbd-otg-hs.o)
                0xc3e28bb8                config_full
                0xc3e28bc4                config_full_total
                0xc3e28be4                config_high
                0xc3e28bf0                config_high_total
                0xc3e28c10                qualifier_desc
                0xc3e28c1c                string_desc0
                0xc3e28c20                string_desc1
                0xc3e28c38                string_desc2
 .rodata        0xc3e28c64       0xb4 cpu/arm_cortexa9/s5pc210/libs5pc210.a(fastboot.o)
                0xc3e28c64                fboot_config_full
                0xc3e28c70                fboot_config_full_total
                0xc3e28c90                fboot_config_high
                0xc3e28c9c                fboot_config_high_total
                0xc3e28cbc                fboot_qualifier_desc
                0xc3e28cc8                fboot_string_desc0
                0xc3e28ccc                fboot_string_desc1
                0xc3e28ce4                fboot_string_desc2
                0xc3e28cfc                string_desc3
 .rodata        0xc3e28d18       0x18 cpu/arm_cortexa9/s5pc210/libs5pc210.a(pmic.o)
                0xc3e28d18                gVoltage_Type
 .rodata        0xc3e28d30     0x4c08 cpu/arm_cortexa9/s5pc210/libs5pc210.a(cmu.o)
 .rodata        0xc3e2d938       0x10 disk/libdisk.a(part.o)
 .rodata        0xc3e2d948        0x2 cpu/arm_cortexa9/s5pc210/libs5pc210.a(cpu_info.o)
 .rodata.str1.1
                0xc3e2d94a      0x264 cpu/arm_cortexa9/s5pc210/libs5pc210.a(interrupts.o)
                                0x27b (size before relaxing)
 .rodata.str1.1
                0xc3e2dbae       0x5f lib_arm/libarm.a(board.o)
                                 0x61 (size before relaxing)
 .rodata.str1.1
                0xc3e2dc0d      0x396 drivers/mmc/libmmc.a(mmc.o)
                                0x39e (size before relaxing)
 .rodata.str1.1
                0xc3e2dfa3       0x81 common/libcommon.a(cmd_bdinfo.o)
                                 0x82 (size before relaxing)
 .rodata.str1.1
                0xc3e2e024       0xef common/libcommon.a(cmd_boot.o)
                                 0xf0 (size before relaxing)
 .rodata.str1.1
                0xc3e2e113      0x7f4 common/libcommon.a(cmd_bootm.o)
                                0x848 (size before relaxing)
 .rodata.str1.1
                0xc3e2e907       0x5c common/libcommon.a(cmd_console.o)
                                 0x61 (size before relaxing)
 .rodata.str1.1
                0xc3e2e963       0x50 common/libcommon.a(cmd_echo.o)
                                 0x55 (size before relaxing)
 .rodata.str1.1
                0xc3e2e9b3      0x24c common/libcommon.a(cmd_elf.o)
                                0x25c (size before relaxing)
 .rodata.str1.1
                0xc3e2ebff      0x4d6 common/libcommon.a(cmd_ext2.o)
                                0x56e (size before relaxing)
 .rodata.str1.1
                0xc3e2f0d5      0xdef common/libcommon.a(cmd_fastboot.o)
                                0xe8f (size before relaxing)
 .rodata.str1.1
                0xc3e2fec4      0x543 common/libcommon.a(cmd_fat.o)
                                0x656 (size before relaxing)
 .rodata.str1.1
                0xc3e30407       0x9a common/libcommon.a(cmd_help.o)
                                 0x9b (size before relaxing)
 .rodata.str1.1
                0xc3e304a1       0xb3 common/libcommon.a(cmd_itest.o)
                                 0xb5 (size before relaxing)
 .rodata.str1.1
                0xc3e30554      0x336 common/libcommon.a(cmd_load.o)
                                0x353 (size before relaxing)
 .rodata.str1.1
                0xc3e3088a       0x5c common/libcommon.a(cmd_max8997.o)
 .rodata.str1.1
                0xc3e308e6       0x3f common/libcommon.a(cmd_mdmupgrade.o)
 .rodata.str1.1
                0xc3e30925      0x480 common/libcommon.a(cmd_mem.o)
                                0x491 (size before relaxing)
 .rodata.str1.1
                0xc3e30da5       0x5f common/libcommon.a(cmd_misc.o)
 .rodata.str1.1
                0xc3e30e04      0x6fb common/libcommon.a(cmd_mmc.o)
                                0x738 (size before relaxing)
 .rodata.str1.1
                0xc3e314ff      0x28d common/libcommon.a(cmd_mmc_fdisk.o)
                                0x291 (size before relaxing)
 .rodata.str1.1
                0xc3e3178c      0x375 common/libcommon.a(cmd_movi.o)
                                0x3ed (size before relaxing)
 .rodata.str1.1
                0xc3e31b01      0x33c common/libcommon.a(cmd_nvedit.o)
                                0x392 (size before relaxing)
 .rodata.str1.1
                0xc3e31e3d      0x101 common/libcommon.a(cmd_source.o)
                                0x108 (size before relaxing)
 .rodata.str1.1
                0xc3e31f3e       0x93 common/libcommon.a(cmd_usbd.o)
                                 0x9e (size before relaxing)
 .rodata.str1.1
                0xc3e31fd1       0x16 common/libcommon.a(cmd_version.o)
                                 0x24 (size before relaxing)
 .rodata.str1.1
                0xc3e31fe7      0x187 common/libcommon.a(cmd_ximg.o)
                                0x22f (size before relaxing)
 .rodata.str1.1
                0xc3e3216e       0x95 common/libcommon.a(command.o)
 .rodata.str1.1
                0xc3e32203       0x70 common/libcommon.a(console.o)
                                 0x74 (size before relaxing)
 .rodata.str1.1
                0xc3e32273      0x128 common/libcommon.a(decompress_ext4.o)
                                0x12c (size before relaxing)
 .rodata.str1.1
                0xc3e3239b       0xb7 common/libcommon.a(env_auto.o)
 .rodata.str1.1
                0xc3e32452       0x33 common/libcommon.a(env_common.o)
 .rodata.str1.1
                0xc3e32485      0x44d common/libcommon.a(image.o)
                                0x4f0 (size before relaxing)
 .rodata.str1.1
                0xc3e328d2       0xc8 common/libcommon.a(main.o)
                                 0xf0 (size before relaxing)
 .rodata.str1.1
                0xc3e3299a        0x7 common/libcommon.a(stdio.o)
                                 0x1b (size before relaxing)
 .rodata.str1.1
                0xc3e329a1       0xe3 common/libcommon.a(xyzModem.o)
                                 0xe5 (size before relaxing)
 .rodata.str1.1
                0xc3e32a84      0x15a board/samsung/smdkc210/libsmdkc210.a(smdkc210.o)
                                0x193 (size before relaxing)
 .rodata.str1.1
                0xc3e32bde       0x11 lib_generic/libgeneric.a(display_options.o)
                                 0x36 (size before relaxing)
 .rodata.str1.1
                0xc3e32bef       0x85 lib_generic/libgeneric.a(gunzip.o)
 .rodata.str1.1
                0xc3e32c74        0xe lib_generic/libgeneric.a(vsprintf.o)
 .rodata.str1.1
                0xc3e32c82      0x21c lib_generic/libgeneric.a(zlib.o)
                                0x21d (size before relaxing)
 .rodata.str1.1
                0xc3e32e9e        0xd cpu/arm_cortexa9/libarm_cortexa9.a(cpu.o)
 .rodata.str1.1
                0xc3e32eab      0x145 cpu/arm_cortexa9/s5pc210/libs5pc210.a(usbd-otg-hs.o)
                                0x14a (size before relaxing)
 .rodata.str1.1
                0xc3e32ff0      0x183 cpu/arm_cortexa9/s5pc210/libs5pc210.a(cpu_info.o)
 .rodata.str1.1
                0xc3e33173       0x6f cpu/arm_cortexa9/s5pc210/libs5pc210.a(fastboot.o)
                                0x181 (size before relaxing)
 .rodata.str1.1
                0xc3e331e2       0x9c cpu/arm_cortexa9/s5pc210/libs5pc210.a(pmic.o)
 .rodata.str1.1
                0xc3e3327e       0x37 cpu/arm_cortexa9/s5pc210/libs5pc210.a(gpio.o)
 .rodata.str1.1
                0xc3e332b5       0xe6 cpu/arm_cortexa9/s5pc210/libs5pc210.a(i2c.o)
 .rodata.str1.1
                0xc3e3339b       0x17 cpu/arm_cortexa9/s5pc210/libs5pc210.a(setup_hsmmc.o)
 .rodata.str1.1
                0xc3e333b2       0xf1 cpu/arm_cortexa9/s5pc210/libs5pc210.a(recovery.o)
                                0x121 (size before relaxing)
 .rodata.str1.1
                0xc3e334a3       0x5a lib_arm/libarm.a(bootm.o)
                                 0x63 (size before relaxing)
 .rodata.str1.1
                0xc3e334fd      0x3fd fs/fat/libfat.a(fat.o)
                                0x402 (size before relaxing)
 .rodata.str1.1
                0xc3e338fa      0x4f6 fs/ext2/libext2fs.a(ext2fs.o)
                                0x579 (size before relaxing)
 .rodata.str1.1
                0xc3e33df0       0xdc fs/ext2/libext2fs.a(dev.o)
 .rodata.str1.1
                0xc3e33ecc      0x1b4 disk/libdisk.a(part.o)
                                0x1e0 (size before relaxing)
 .rodata.str1.1
                0xc3e34080       0xe5 disk/libdisk.a(part_dos.o)
                                 0xf1 (size before relaxing)
 .rodata.str1.1
                0xc3e34165       0xfd drivers/mmc/libmmc.a(s3c_hsmmc.o)
 .rodata.str1.1
                0xc3e34262      0x325 drivers/mmc/libmmc.a(s5p_mshc.o)
                                0x347 (size before relaxing)
 .rodata.str1.1
                0xc3e34587       0x1b /home/charlie/project/itop/android-4.0.3/uboot/uboot/lib_arm/eabi_compat.o

.mmudata        0xc3e38000     0x4000
 .mmudata       0xc3e38000     0x4000 board/samsung/smdkc210/lowlevel_init.o
                0xc3e38000                mmu_table
                0xc3e3c000                . = ALIGN (0x4)

.data           0xc3e3c000      0xb74
 *(.data)
 .data          0xc3e3c000        0x0 cpu/arm_cortexa9/start.o
 .data          0xc3e3c000        0x0 cpu/arm_cortexa9/s5pc210/cpu_init.o
 .data          0xc3e3c000        0x0 board/samsung/smdkc210/lowlevel_init.o
 .data          0xc3e3c000        0x0 common/ace_sha1.o
 .data          0xc3e3c000        0x0 lib_generic/libgeneric.a(string.o)
 .data          0xc3e3c000        0x0 cpu/arm_cortexa9/s5pc210/libs5pc210.a(nand_cp.o)
 .data          0xc3e3c000        0x0 cpu/arm_cortexa9/s5pc210/libs5pc210.a(interrupts.o)
 .data          0xc3e3c000        0x0 cpu/arm_cortexa9/s5pc210/libs5pc210.a(onenand_cp.o)
 .data          0xc3e3c000        0x0 cpu/arm_cortexa9/s5pc210/libs5pc210.a(movi.o)
 .data          0xc3e3c000       0x34 lib_arm/libarm.a(board.o)
                0xc3e3c000                init_sequence
 .data          0xc3e3c034        0x4 drivers/mmc/libmmc.a(mmc.o)
 .data          0xc3e3c038        0x0 common/libcommon.a(cmd_bdinfo.o)
 .data          0xc3e3c038        0x0 common/libcommon.a(cmd_boot.o)
 .data          0xc3e3c038       0x94 common/libcommon.a(cmd_bootm.o)
                0xc3e3c038                load_addr
                0xc3e3c03c                cmd_bootm_sub
 .data          0xc3e3c0cc        0x0 common/libcommon.a(cmd_console.o)
 .data          0xc3e3c0cc        0x0 common/libcommon.a(cmd_echo.o)
 .data          0xc3e3c0cc        0x0 common/libcommon.a(cmd_elf.o)
 .data          0xc3e3c0cc        0x0 common/libcommon.a(cmd_ext2.o)
 .data          0xc3e3c0cc       0x20 common/libcommon.a(cmd_fastboot.o)
 .data          0xc3e3c0ec        0x0 common/libcommon.a(cmd_fat.o)
 .data          0xc3e3c0ec        0x0 common/libcommon.a(cmd_help.o)
 .data          0xc3e3c0ec       0x68 common/libcommon.a(cmd_itest.o)
                0xc3e3c0ec                op_table
 .data          0xc3e3c154        0x4 common/libcommon.a(cmd_load.o)
 .data          0xc3e3c158        0x0 common/libcommon.a(cmd_max8997.o)
 .data          0xc3e3c158        0x0 common/libcommon.a(cmd_mdmupgrade.o)
 .data          0xc3e3c158        0x4 common/libcommon.a(cmd_mem.o)
                0xc3e3c158                dp_last_length
 .data          0xc3e3c15c        0x0 common/libcommon.a(cmd_misc.o)
 .data          0xc3e3c15c        0x0 common/libcommon.a(cmd_mmc.o)
 .data          0xc3e3c15c        0x0 common/libcommon.a(cmd_mmc_fdisk.o)
 .data          0xc3e3c15c        0x0 common/libcommon.a(cmd_movi.o)
 .data          0xc3e3c15c        0x4 common/libcommon.a(cmd_nvedit.o)
 .data          0xc3e3c160        0x0 common/libcommon.a(cmd_source.o)
 .data          0xc3e3c160        0x0 common/libcommon.a(cmd_usbd.o)
 .data          0xc3e3c160        0x0 common/libcommon.a(cmd_version.o)
 .data          0xc3e3c160        0x0 common/libcommon.a(cmd_ximg.o)
 .data          0xc3e3c160        0x0 common/libcommon.a(command.o)
 .data          0xc3e3c160        0x0 common/libcommon.a(console.o)
 .data          0xc3e3c160        0x0 common/libcommon.a(decompress_ext4.o)
 .data          0xc3e3c160      0x414 common/libcommon.a(dlmalloc.o)
 .data          0xc3e3c574        0x4 common/libcommon.a(env_auto.o)
                0xc3e3c574                env_name_spec
 .data          0xc3e3c578       0x8c common/libcommon.a(env_common.o)
                0xc3e3c578                default_environment
                0xc3e3c600                default_environment_size
 .data          0xc3e3c604        0x0 common/libcommon.a(exports.o)
 .data          0xc3e3c604      0x228 common/libcommon.a(image.o)
 .data          0xc3e3c82c       0x14 common/libcommon.a(main.o)
 .data          0xc3e3c840        0x0 common/libcommon.a(s_record.o)
 .data          0xc3e3c840        0xc common/libcommon.a(stdio.o)
                0xc3e3c840                stdio_names
 .data          0xc3e3c84c        0x0 common/libcommon.a(xyzModem.o)
 .data          0xc3e3c84c        0x4 board/samsung/smdkc210/libsmdkc210.a(smdkc210.o)
                0xc3e3c84c                dmc_density
 .data          0xc3e3c850        0x0 lib_generic/libgeneric.a(crc16.o)
 .data          0xc3e3c850        0x0 lib_generic/libgeneric.a(crc32.o)
 .data          0xc3e3c850        0x0 lib_generic/libgeneric.a(display_options.o)
 .data          0xc3e3c850        0x0 lib_generic/libgeneric.a(gunzip.o)
 .data          0xc3e3c850        0x0 lib_generic/libgeneric.a(net_utils.o)
 .data          0xc3e3c850        0x0 lib_generic/libgeneric.a(vsprintf.o)
 .data          0xc3e3c850        0x0 lib_generic/libgeneric.a(zlib.o)
 .data          0xc3e3c850      0x100 lib_generic/libgeneric.a(ctype.o)
                0xc3e3c850                _ctype
 .data          0xc3e3c950        0x0 lib_generic/libgeneric.a(div64.o)
 .data          0xc3e3c950        0x0 cpu/arm_cortexa9/libarm_cortexa9.a(cpu.o)
 .data          0xc3e3c950        0x0 cpu/arm_cortexa9/s5pc210/libs5pc210.a(serial.o)
 .data          0xc3e3c950       0x38 cpu/arm_cortexa9/s5pc210/libs5pc210.a(usbd-otg-hs.o)
                0xc3e3c950                test_pkt
 .data          0xc3e3c988        0x4 cpu/arm_cortexa9/s5pc210/libs5pc210.a(cpu_info.o)
                0xc3e3c988                CORE_NUM_STR
 .data          0xc3e3c98c      0x100 cpu/arm_cortexa9/s5pc210/libs5pc210.a(fastboot.o)
                0xc3e3c98c                fboot_test_pkt
                0xc3e3c9c4                ptable_default
                0xc3e3ca88                ptable_default_size
 .data          0xc3e3ca8c        0x0 cpu/arm_cortexa9/s5pc210/libs5pc210.a(pmic.o)
 .data          0xc3e3ca8c        0x0 cpu/arm_cortexa9/s5pc210/libs5pc210.a(gpio.o)
 .data          0xc3e3ca8c       0xd8 cpu/arm_cortexa9/s5pc210/libs5pc210.a(i2c.o)
 .data          0xc3e3cb64        0x0 cpu/arm_cortexa9/s5pc210/libs5pc210.a(cmu.o)
 .data          0xc3e3cb64        0x0 cpu/arm_cortexa9/s5pc210/libs5pc210.a(speed.o)
 .data          0xc3e3cb64        0x0 cpu/arm_cortexa9/s5pc210/libs5pc210.a(max8997.o)
 .data          0xc3e3cb64        0x0 cpu/arm_cortexa9/s5pc210/libs5pc210.a(setup_hsmmc.o)
 .data          0xc3e3cb64        0x0 cpu/arm_cortexa9/s5pc210/libs5pc210.a(recovery.o)
 .data          0xc3e3cb64        0x4 lib_arm/libarm.a(bootm.o)
                0xc3e3cb64                nr_dram_banks
 .data          0xc3e3cb68        0x0 lib_arm/libarm.a(cache.o)
 .data          0xc3e3cb68        0x4 fs/fat/libfat.a(fat.o)
 .data          0xc3e3cb6c        0x8 fs/ext2/libext2fs.a(ext2fs.o)
                0xc3e3cb6c                indir1_blkno
                0xc3e3cb70                indir2_blkno
 .data          0xc3e3cb74        0x0 fs/ext2/libext2fs.a(dev.o)
 .data          0xc3e3cb74        0x0 disk/libdisk.a(part.o)
 .data          0xc3e3cb74        0x0 disk/libdisk.a(part_dos.o)
 .data          0xc3e3cb74        0x0 drivers/mmc/libmmc.a(s3c_hsmmc.o)
 .data          0xc3e3cb74        0x0 drivers/mmc/libmmc.a(s5p_mshc.o)
 .data          0xc3e3cb74        0x0 /home/charlie/project/itop/android-4.0.3/uboot/uboot/lib_arm/eabi_compat.o
 .data          0xc3e3cb74        0x0 /usr/local/arm/arm-2009q3/bin/../lib/gcc/arm-none-linux-gnueabi/4.4.1/libgcc.a(_udivsi3.o)
 .data          0xc3e3cb74        0x0 /usr/local/arm/arm-2009q3/bin/../lib/gcc/arm-none-linux-gnueabi/4.4.1/libgcc.a(_divsi3.o)
 .data          0xc3e3cb74        0x0 /usr/local/arm/arm-2009q3/bin/../lib/gcc/arm-none-linux-gnueabi/4.4.1/libgcc.a(_lshrdi3.o)
 .data          0xc3e3cb74        0x0 /usr/local/arm/arm-2009q3/bin/../lib/gcc/arm-none-linux-gnueabi/4.4.1/libgcc.a(_arm_addsubdf3.o)
 .data          0xc3e3cb74        0x0 /usr/local/arm/arm-2009q3/bin/../lib/gcc/arm-none-linux-gnueabi/4.4.1/libgcc.a(_arm_muldivdf3.o)
 .data          0xc3e3cb74        0x0 /usr/local/arm/arm-2009q3/bin/../lib/gcc/arm-none-linux-gnueabi/4.4.1/libgcc.a(_arm_truncdfsf2.o)
 .data          0xc3e3cb74        0x0 /usr/local/arm/arm-2009q3/bin/../lib/gcc/arm-none-linux-gnueabi/4.4.1/libgcc.a(_arm_addsubsf3.o)
 .data          0xc3e3cb74        0x0 /usr/local/arm/arm-2009q3/bin/../lib/gcc/arm-none-linux-gnueabi/4.4.1/libgcc.a(_arm_muldivsf3.o)
 .data          0xc3e3cb74        0x0 /usr/local/arm/arm-2009q3/bin/../lib/gcc/arm-none-linux-gnueabi/4.4.1/libgcc.a(_arm_cmpsf2.o)
 .data          0xc3e3cb74        0x0 /usr/local/arm/arm-2009q3/bin/../lib/gcc/arm-none-linux-gnueabi/4.4.1/libgcc.a(_arm_fixunssfsi.o)
 .data          0xc3e3cb74        0x0 /usr/local/arm/arm-2009q3/bin/../lib/gcc/arm-none-linux-gnueabi/4.4.1/libgcc.a(_dvmd_lnx.o)
                0xc3e3cb74                . = ALIGN (0x4)

.got
 *(.got)
                0xc3e3cb74                __u_boot_cmd_start = .

.u_boot_cmd     0xc3e3cb74      0x510
 *(.u_boot_cmd)
 .u_boot_cmd    0xc3e3cb74       0x18 common/libcommon.a(cmd_bdinfo.o)
                0xc3e3cb74                __u_boot_cmd_bdinfo
 .u_boot_cmd    0xc3e3cb8c       0x30 common/libcommon.a(cmd_boot.o)
                0xc3e3cb8c                __u_boot_cmd_go
                0xc3e3cba4                __u_boot_cmd_reset
 .u_boot_cmd    0xc3e3cbbc       0x60 common/libcommon.a(cmd_bootm.o)
                0xc3e3cbbc                __u_boot_cmd_bootm
                0xc3e3cbd4                __u_boot_cmd_boot
                0xc3e3cbec                __u_boot_cmd_bootd
                0xc3e3cc04                __u_boot_cmd_iminfo
 .u_boot_cmd    0xc3e3cc1c       0x18 common/libcommon.a(cmd_console.o)
                0xc3e3cc1c                __u_boot_cmd_coninfo
 .u_boot_cmd    0xc3e3cc34       0x18 common/libcommon.a(cmd_echo.o)
                0xc3e3cc34                __u_boot_cmd_echo
 .u_boot_cmd    0xc3e3cc4c       0x30 common/libcommon.a(cmd_elf.o)
                0xc3e3cc4c                __u_boot_cmd_bootelf
                0xc3e3cc64                __u_boot_cmd_bootvx
 .u_boot_cmd    0xc3e3cc7c       0x60 common/libcommon.a(cmd_ext2.o)
                0xc3e3cc7c                __u_boot_cmd_ext2ls
                0xc3e3cc94                __u_boot_cmd_ext2load
                0xc3e3ccac                __u_boot_cmd_ext2format
                0xc3e3ccc4                __u_boot_cmd_ext3format
 .u_boot_cmd    0xc3e3ccdc       0x30 common/libcommon.a(cmd_fastboot.o)
                0xc3e3ccdc                __u_boot_cmd_fastboot
                0xc3e3ccf4                __u_boot_cmd_sdfuse
 .u_boot_cmd    0xc3e3cd0c       0x60 common/libcommon.a(cmd_fat.o)
                0xc3e3cd0c                __u_boot_cmd_fatload
                0xc3e3cd24                __u_boot_cmd_fatls
                0xc3e3cd3c                __u_boot_cmd_fatinfo
                0xc3e3cd54                __u_boot_cmd_fatformat
 .u_boot_cmd    0xc3e3cd6c       0x30 common/libcommon.a(cmd_help.o)
                0xc3e3cd6c                __u_boot_cmd_help
                0xc3e3cd84                __u_boot_cmd_question_mark
 .u_boot_cmd    0xc3e3cd9c       0x18 common/libcommon.a(cmd_itest.o)
                0xc3e3cd9c                __u_boot_cmd_itest
 .u_boot_cmd    0xc3e3cdb4       0x48 common/libcommon.a(cmd_load.o)
                0xc3e3cdb4                __u_boot_cmd_loads
                0xc3e3cdcc                __u_boot_cmd_loadb
                0xc3e3cde4                __u_boot_cmd_loady
 .u_boot_cmd    0xc3e3cdfc       0x18 common/libcommon.a(cmd_max8997.o)
                0xc3e3cdfc                __u_boot_cmd_max8997
 .u_boot_cmd    0xc3e3ce14       0x18 common/libcommon.a(cmd_mdmupgrade.o)
                0xc3e3ce14                __u_boot_cmd_mdmup
 .u_boot_cmd    0xc3e3ce2c       0xf0 common/libcommon.a(cmd_mem.o)
                0xc3e3ce2c                __u_boot_cmd_md
                0xc3e3ce44                __u_boot_cmd_mm
                0xc3e3ce5c                __u_boot_cmd_nm
                0xc3e3ce74                __u_boot_cmd_mw
                0xc3e3ce8c                __u_boot_cmd_cp
                0xc3e3cea4                __u_boot_cmd_cmp
                0xc3e3cebc                __u_boot_cmd_crc32
                0xc3e3ced4                __u_boot_cmd_base
                0xc3e3ceec                __u_boot_cmd_loop
                0xc3e3cf04                __u_boot_cmd_mtest
 .u_boot_cmd    0xc3e3cf1c       0x18 common/libcommon.a(cmd_misc.o)
                0xc3e3cf1c                __u_boot_cmd_sleep
 .u_boot_cmd    0xc3e3cf34       0x48 common/libcommon.a(cmd_mmc.o)
                0xc3e3cf34                __u_boot_cmd_mmcinfo
                0xc3e3cf4c                __u_boot_cmd_emmc
                0xc3e3cf64                __u_boot_cmd_mmc
 .u_boot_cmd    0xc3e3cf7c       0x18 common/libcommon.a(cmd_mmc_fdisk.o)
                0xc3e3cf7c                __u_boot_cmd_fdisk
 .u_boot_cmd    0xc3e3cf94       0x18 common/libcommon.a(cmd_movi.o)
                0xc3e3cf94                __u_boot_cmd_movi
 .u_boot_cmd    0xc3e3cfac       0x78 common/libcommon.a(cmd_nvedit.o)
                0xc3e3cfac                __u_boot_cmd_saveenv
                0xc3e3cfc4                __u_boot_cmd_editenv
                0xc3e3cfdc                __u_boot_cmd_printenv
                0xc3e3cff4                __u_boot_cmd_setenv
                0xc3e3d00c                __u_boot_cmd_run
 .u_boot_cmd    0xc3e3d024       0x18 common/libcommon.a(cmd_source.o)
                0xc3e3d024                __u_boot_cmd_source
 .u_boot_cmd    0xc3e3d03c       0x18 common/libcommon.a(cmd_usbd.o)
                0xc3e3d03c                __u_boot_cmd_dnw
 .u_boot_cmd    0xc3e3d054       0x18 common/libcommon.a(cmd_version.o)
                0xc3e3d054                __u_boot_cmd_version
 .u_boot_cmd    0xc3e3d06c       0x18 common/libcommon.a(cmd_ximg.o)
                0xc3e3d06c                __u_boot_cmd_imxtract
                0xc3e3d084                __u_boot_cmd_end = .
                0xc3e3d084                . = ALIGN (0x4)
                0xc3e3d084                __bss_start = .

.bss            0xc3e3d088   0x132c10
 *(.bss)
 .bss           0xc3e3d088        0x0 cpu/arm_cortexa9/start.o
 .bss           0xc3e3d088        0x0 cpu/arm_cortexa9/s5pc210/cpu_init.o
 .bss           0xc3e3d088        0x0 board/samsung/smdkc210/lowlevel_init.o
 .bss           0xc3e3d088        0x0 common/ace_sha1.o
 .bss           0xc3e3d088        0x4 lib_generic/libgeneric.a(string.o)
                0xc3e3d088                ___strtok
 .bss           0xc3e3d08c        0x0 cpu/arm_cortexa9/s5pc210/libs5pc210.a(nand_cp.o)
 .bss           0xc3e3d08c        0xc cpu/arm_cortexa9/s5pc210/libs5pc210.a(interrupts.o)
                0xc3e3d08c                timer_load_val
 .bss           0xc3e3d098        0x0 cpu/arm_cortexa9/s5pc210/libs5pc210.a(onenand_cp.o)
 .bss           0xc3e3d098        0x0 cpu/arm_cortexa9/s5pc210/libs5pc210.a(movi.o)
 .bss           0xc3e3d098        0x4 lib_arm/libarm.a(board.o)
                0xc3e3d098                monitor_flash_len
 .bss           0xc3e3d09c       0x18 drivers/mmc/libmmc.a(mmc.o)
                0xc3e3d0a4                mmc_global
                0xc3e3d0b0                mmc_default
 .bss           0xc3e3d0b4        0x0 common/libcommon.a(cmd_bdinfo.o)
 .bss           0xc3e3d0b4        0x0 common/libcommon.a(cmd_boot.o)
 .bss           0xc3e3d0b4       0x8c common/libcommon.a(cmd_bootm.o)
 .bss           0xc3e3d140        0x0 common/libcommon.a(cmd_console.o)
 .bss           0xc3e3d140        0x0 common/libcommon.a(cmd_echo.o)
 .bss           0xc3e3d140        0x0 common/libcommon.a(cmd_elf.o)
 .bss           0xc3e3d140        0x0 common/libcommon.a(cmd_ext2.o)
 .bss           0xc3e3d140      0x1d8 common/libcommon.a(cmd_fastboot.o)
                0xc3e3d310                dev_number_write
                0xc3e3d314                fuse_by_fastboot
 .bss           0xc3e3d318        0x0 common/libcommon.a(cmd_fat.o)
 .bss           0xc3e3d318        0x0 common/libcommon.a(cmd_help.o)
 .bss           0xc3e3d318        0x0 common/libcommon.a(cmd_itest.o)
 .bss           0xc3e3d318       0x60 common/libcommon.a(cmd_load.o)
                0xc3e3d328                os_data_init
                0xc3e3d338                os_data_char
                0xc3e3d33c                his_quote
                0xc3e3d340                his_pad_count
                0xc3e3d344                his_pad_char
                0xc3e3d345                his_eol
                0xc3e3d348                send_ptr
                0xc3e3d34c                send_parms
 .bss           0xc3e3d378        0x0 common/libcommon.a(cmd_max8997.o)
 .bss           0xc3e3d378        0x0 common/libcommon.a(cmd_mdmupgrade.o)
 .bss           0xc3e3d378       0x14 common/libcommon.a(cmd_mem.o)
                0xc3e3d37c                mm_last_addr
                0xc3e3d380                mm_last_size
                0xc3e3d384                dp_last_addr
                0xc3e3d388                dp_last_size
 .bss           0xc3e3d38c        0x0 common/libcommon.a(cmd_misc.o)
 .bss           0xc3e3d38c        0x0 common/libcommon.a(cmd_mmc.o)
 .bss           0xc3e3d38c        0x0 common/libcommon.a(cmd_mmc_fdisk.o)
 .bss           0xc3e3d38c      0x200 common/libcommon.a(cmd_movi.o)
                0xc3e3d38c                raw_area_control
 .bss           0xc3e3d58c        0x0 common/libcommon.a(cmd_nvedit.o)
 .bss           0xc3e3d58c        0x0 common/libcommon.a(cmd_source.o)
 .bss           0xc3e3d58c        0x0 common/libcommon.a(cmd_usbd.o)
 .bss           0xc3e3d58c        0x0 common/libcommon.a(cmd_version.o)
 .bss           0xc3e3d58c        0x0 common/libcommon.a(cmd_ximg.o)
 .bss           0xc3e3d58c        0x0 common/libcommon.a(command.o)
 .bss           0xc3e3d58c        0x8 common/libcommon.a(console.o)
 .bss           0xc3e3d594        0x0 common/libcommon.a(decompress_ext4.o)
 .bss           0xc3e3d594       0x44 common/libcommon.a(dlmalloc.o)
                0xc3e3d594                mem_malloc_brk
                0xc3e3d598                mem_malloc_start
                0xc3e3d59c                mem_malloc_end
 .bss           0xc3e3d5d8        0x4 common/libcommon.a(env_auto.o)
                0xc3e3d5d8                env_ptr
 .bss           0xc3e3d5dc        0x0 common/libcommon.a(env_common.o)
 .bss           0xc3e3d5dc        0x0 common/libcommon.a(exports.o)
 .bss           0xc3e3d5dc        0x0 common/libcommon.a(image.o)
 .bss           0xc3e3d5dc     0x1660 common/libcommon.a(main.o)
                0xc3e3d5e8                hist_num
                0xc3e3d5ec                hist_lines
                0xc3e3e9ec                hist_list
                0xc3e3ea3c                console_buffer
 .bss           0xc3e3ec3c        0x0 common/libcommon.a(s_record.o)
 .bss           0xc3e3ec3c       0x48 common/libcommon.a(stdio.o)
                0xc3e3ec78                stdio_devices
 .bss           0xc3e3ec84      0x43c common/libcommon.a(xyzModem.o)
 .bss           0xc3e3f0c0        0x8 board/samsung/smdkc210/libsmdkc210.a(smdkc210.o)
                0xc3e3f0c0                OmPin
                0xc3e3f0c4                boot_mode
 .bss           0xc3e3f0c8        0x0 lib_generic/libgeneric.a(crc16.o)
 .bss           0xc3e3f0c8        0x0 lib_generic/libgeneric.a(crc32.o)
 .bss           0xc3e3f0c8        0x0 lib_generic/libgeneric.a(display_options.o)
 .bss           0xc3e3f0c8        0x0 lib_generic/libgeneric.a(gunzip.o)
 .bss           0xc3e3f0c8        0x0 lib_generic/libgeneric.a(net_utils.o)
 .bss           0xc3e3f0c8        0x0 lib_generic/libgeneric.a(vsprintf.o)
 .bss           0xc3e3f0c8        0x0 lib_generic/libgeneric.a(zlib.o)
 .bss           0xc3e3f0c8        0x0 lib_generic/libgeneric.a(ctype.o)
 .bss           0xc3e3f0c8        0x0 lib_generic/libgeneric.a(div64.o)
 .bss           0xc3e3f0c8        0x0 cpu/arm_cortexa9/libarm_cortexa9.a(cpu.o)
 .bss           0xc3e3f0c8        0x0 cpu/arm_cortexa9/s5pc210/libs5pc210.a(serial.o)
 .bss           0xc3e3f0c8       0xb0 cpu/arm_cortexa9/s5pc210/libs5pc210.a(usbd-otg-hs.o)
                0xc3e3f0c8                otg
                0xc3e3f14c                remode_wakeup
                0xc3e3f150                get_status
                0xc3e3f156                config_value
                0xc3e3f158                get_intf
                0xc3e3f15c                s3c_usbd_dn_addr
                0xc3e3f160                op_mode
                0xc3e3f164                s3c_usbd_dn_cnt
                0xc3e3f168                s3c_receive_done
                0xc3e3f16c                speed
                0xc3e3f170                s3c_got_header
                0xc3e3f174                DNW
 .bss           0xc3e3f178        0x4 cpu/arm_cortexa9/s5pc210/libs5pc210.a(cpu_info.o)
                0xc3e3f178                s5pc210_cpu_id
 .bss           0xc3e3f17c      0x2f0 cpu/arm_cortexa9/s5pc210/libs5pc210.a(fastboot.o)
                0xc3e3f17c                fboot_otg
                0xc3e3f200                fboot_remode_wakeup
                0xc3e3f204                fboot_get_status
                0xc3e3f20a                fboot_config_value
                0xc3e3f20c                fboot_get_intf
                0xc3e3f210                fboot_usbd_dn_addr
                0xc3e3f214                fboot_response_flag
                0xc3e3f218                reply_msg
                0xc3e3f21c                fboot_op_mode
                0xc3e3f220                fboot_usbd_dn_cnt
                0xc3e3f224                fboot_receive_done
                0xc3e3f228                fboot_speed
                0xc3e3f45c                transfer_size
                0xc3e3f460                fboot_got_header
                0xc3e3f464                tx_msg_buf
                0xc3e3f468                total_dn_size
 .bss           0xc3e3f46c        0x4 cpu/arm_cortexa9/s5pc210/libs5pc210.a(pmic.o)
                0xc3e3f46c                Is_TC4_Dvt
 .bss           0xc3e3f470        0x8 cpu/arm_cortexa9/s5pc210/libs5pc210.a(gpio.o)
                0xc3e3f474                g_IntCnt
 .bss           0xc3e3f478        0x0 cpu/arm_cortexa9/s5pc210/libs5pc210.a(i2c.o)
 .bss           0xc3e3f478        0x0 cpu/arm_cortexa9/s5pc210/libs5pc210.a(cmu.o)
 .bss           0xc3e3f478        0x0 cpu/arm_cortexa9/s5pc210/libs5pc210.a(speed.o)
 .bss           0xc3e3f478        0x0 cpu/arm_cortexa9/s5pc210/libs5pc210.a(max8997.o)
 .bss           0xc3e3f478        0x4 cpu/arm_cortexa9/s5pc210/libs5pc210.a(setup_hsmmc.o)
                0xc3e3f478                sclk_mmc4
 .bss           0xc3e3f47c        0x0 cpu/arm_cortexa9/s5pc210/libs5pc210.a(recovery.o)
 .bss           0xc3e3f47c        0x4 lib_arm/libarm.a(bootm.o)
 .bss           0xc3e3f480        0x0 lib_arm/libarm.a(cache.o)
 .bss           0xc3e3f480    0x30008 fs/fat/libfat.a(fat.o)
                0xc3e3f488                get_vfatname_block
                0xc3e4f488                do_fat_read_block
                0xc3e5f488                get_dentfromdir_block
 .bss           0xc3e6f488       0x1c fs/ext2/libext2fs.a(ext2fs.o)
                0xc3e6f488                ext2fs_root
                0xc3e6f48c                ext2fs_file
                0xc3e6f490                indir1_block
                0xc3e6f494                indir1_size
                0xc3e6f498                indir2_block
                0xc3e6f49c                indir2_size
                0xc3e6f4a0                symlinknest
 .bss           0xc3e6f4a4       0x50 fs/ext2/libext2fs.a(dev.o)
 .bss           0xc3e6f4f4        0x0 disk/libdisk.a(part.o)
 .bss           0xc3e6f4f4        0x0 disk/libdisk.a(part_dos.o)
 *fill*         0xc3e6f4f4        0x4 00
 .bss           0xc3e6f4f8      0x118 drivers/mmc/libmmc.a(s3c_hsmmc.o)
                0xc3e6f4f8                mmc_host
 .bss           0xc3e6f610   0x100688 drivers/mmc/libmmc.a(s5p_mshc.o)
                0xc3e6f610                emmc_bit_pre
                0xc3e6f614                emmc_mode_pre
                0xc3e6f618                emmc_clock_pre
                0xc3f6f61c                mmc_channel
                0xc3f6fb80                mshc_host
 .bss           0xc3f6fc98        0x0 /home/charlie/project/itop/android-4.0.3/uboot/uboot/lib_arm/eabi_compat.o
 .bss           0xc3f6fc98        0x0 /usr/local/arm/arm-2009q3/bin/../lib/gcc/arm-none-linux-gnueabi/4.4.1/libgcc.a(_udivsi3.o)
 .bss           0xc3f6fc98        0x0 /usr/local/arm/arm-2009q3/bin/../lib/gcc/arm-none-linux-gnueabi/4.4.1/libgcc.a(_divsi3.o)
 .bss           0xc3f6fc98        0x0 /usr/local/arm/arm-2009q3/bin/../lib/gcc/arm-none-linux-gnueabi/4.4.1/libgcc.a(_lshrdi3.o)
 .bss           0xc3f6fc98        0x0 /usr/local/arm/arm-2009q3/bin/../lib/gcc/arm-none-linux-gnueabi/4.4.1/libgcc.a(_arm_addsubdf3.o)
 .bss           0xc3f6fc98        0x0 /usr/local/arm/arm-2009q3/bin/../lib/gcc/arm-none-linux-gnueabi/4.4.1/libgcc.a(_arm_muldivdf3.o)
 .bss           0xc3f6fc98        0x0 /usr/local/arm/arm-2009q3/bin/../lib/gcc/arm-none-linux-gnueabi/4.4.1/libgcc.a(_arm_truncdfsf2.o)
 .bss           0xc3f6fc98        0x0 /usr/local/arm/arm-2009q3/bin/../lib/gcc/arm-none-linux-gnueabi/4.4.1/libgcc.a(_arm_addsubsf3.o)
 .bss           0xc3f6fc98        0x0 /usr/local/arm/arm-2009q3/bin/../lib/gcc/arm-none-linux-gnueabi/4.4.1/libgcc.a(_arm_muldivsf3.o)
 .bss           0xc3f6fc98        0x0 /usr/local/arm/arm-2009q3/bin/../lib/gcc/arm-none-linux-gnueabi/4.4.1/libgcc.a(_arm_cmpsf2.o)
 .bss           0xc3f6fc98        0x0 /usr/local/arm/arm-2009q3/bin/../lib/gcc/arm-none-linux-gnueabi/4.4.1/libgcc.a(_arm_fixunssfsi.o)
 .bss           0xc3f6fc98        0x0 /usr/local/arm/arm-2009q3/bin/../lib/gcc/arm-none-linux-gnueabi/4.4.1/libgcc.a(_dvmd_lnx.o)
                0xc3f6fc98                _end = .
Address of section .text set to 0xc3e00000
LOAD cpu/arm_cortexa9/start.o
START GROUP
LOAD lib_generic/libgeneric.a
LOAD lib_generic/lzma/liblzma.a
LOAD lib_generic/lzo/liblzo.a
LOAD cpu/arm_cortexa9/libarm_cortexa9.a
LOAD cpu/arm_cortexa9/s5pc210/libs5pc210.a
LOAD lib_arm/libarm.a
LOAD fs/cramfs/libcramfs.a
LOAD fs/fat/libfat.a
LOAD fs/fdos/libfdos.a
LOAD fs/jffs2/libjffs2.a
LOAD fs/reiserfs/libreiserfs.a
LOAD fs/ext2/libext2fs.a
LOAD fs/yaffs2/libyaffs2.a
LOAD fs/ubifs/libubifs.a
LOAD net/libnet.a
LOAD disk/libdisk.a
LOAD drivers/bios_emulator/libatibiosemu.a
LOAD drivers/block/libblock.a
LOAD drivers/dma/libdma.a
LOAD drivers/fpga/libfpga.a
LOAD drivers/gpio/libgpio.a
LOAD drivers/hwmon/libhwmon.a
LOAD drivers/i2c/libi2c.a
LOAD drivers/input/libinput.a
LOAD drivers/misc/libmisc.a
LOAD drivers/mmc/libmmc.a
LOAD drivers/mtd/libmtd.a
LOAD drivers/mtd/nand/libnand.a
LOAD drivers/mtd/onenand/libonenand.a
LOAD drivers/mtd/ubi/libubi.a
LOAD drivers/mtd/spi/libspi_flash.a
LOAD drivers/net/libnet.a
LOAD drivers/net/phy/libphy.a
LOAD drivers/pci/libpci.a
LOAD drivers/pcmcia/libpcmcia.a
LOAD drivers/power/libpower.a
LOAD drivers/spi/libspi.a
LOAD drivers/rtc/librtc.a
LOAD drivers/serial/libserial.a
LOAD drivers/twserial/libtws.a
LOAD drivers/usb/gadget/libusb_gadget.a
LOAD drivers/usb/host/libusb_host.a
LOAD drivers/usb/musb/libusb_musb.a
LOAD drivers/usb/phy/libusb_phy.a
LOAD drivers/video/libvideo.a
LOAD drivers/watchdog/libwatchdog.a
LOAD common/libcommon.a
LOAD libfdt/libfdt.a
LOAD api/libapi.a
LOAD post/libpost.a
LOAD board/samsung/smdkc210/libsmdkc210.a
END GROUP
LOAD /home/charlie/project/itop/android-4.0.3/uboot/uboot/lib_arm/eabi_compat.o
LOAD /usr/local/arm/arm-2009q3/bin/../lib/gcc/arm-none-linux-gnueabi/4.4.1/libgcc.a
OUTPUT(u-boot elf32-littlearm)

.ARM.attributes
                0x00000000       0x29
 .ARM.attributes
                0x00000000       0x1d cpu/arm_cortexa9/start.o
 .ARM.attributes
                0x0000001d       0x1d cpu/arm_cortexa9/s5pc210/cpu_init.o
 .ARM.attributes
                0x0000003a       0x1d board/samsung/smdkc210/lowlevel_init.o
 .ARM.attributes
                0x00000057       0x2d common/ace_sha1.o
 .ARM.attributes
                0x00000084       0x2d lib_generic/libgeneric.a(string.o)
 .ARM.attributes
                0x000000b1       0x2d cpu/arm_cortexa9/s5pc210/libs5pc210.a(nand_cp.o)
 .ARM.attributes
                0x000000de       0x2d cpu/arm_cortexa9/s5pc210/libs5pc210.a(interrupts.o)
 .ARM.attributes
                0x0000010b       0x2d cpu/arm_cortexa9/s5pc210/libs5pc210.a(onenand_cp.o)
 .ARM.attributes
                0x00000138       0x2d cpu/arm_cortexa9/s5pc210/libs5pc210.a(movi.o)
 .ARM.attributes
                0x00000165       0x2d lib_arm/libarm.a(board.o)
 .ARM.attributes
                0x00000192       0x2d drivers/mmc/libmmc.a(mmc.o)
 .ARM.attributes
                0x000001bf       0x2d common/libcommon.a(cmd_bdinfo.o)
 .ARM.attributes
                0x000001ec       0x2d common/libcommon.a(cmd_boot.o)
 .ARM.attributes